Archive member included to satisfy reference by file (symbol)

c:/st/stm32cubeide_1.8.0/stm32cubeide/plugins/com.st.stm32cube.ide.mcu.externaltools.gnu-tools-for-stm32.9-2020-q2-update.win32_2.0.0.202105311346/tools/bin/../lib/gcc/arm-none-eabi/9.3.1/../../../../arm-none-eabi/lib/thumb/v7e-m+fp/hard\libc_nano.a(lib_a-errno.o)
                              ./Core/Src/syscalls.o (__errno)
c:/st/stm32cubeide_1.8.0/stm32cubeide/plugins/com.st.stm32cube.ide.mcu.externaltools.gnu-tools-for-stm32.9-2020-q2-update.win32_2.0.0.202105311346/tools/bin/../lib/gcc/arm-none-eabi/9.3.1/../../../../arm-none-eabi/lib/thumb/v7e-m+fp/hard\libc_nano.a(lib_a-exit.o)
                              c:/st/stm32cubeide_1.8.0/stm32cubeide/plugins/com.st.stm32cube.ide.mcu.externaltools.gnu-tools-for-stm32.9-2020-q2-update.win32_2.0.0.202105311346/tools/bin/../lib/gcc/arm-none-eabi/9.3.1/../../../../arm-none-eabi/lib/thumb/v7e-m+fp/hard/crt0.o (exit)
c:/st/stm32cubeide_1.8.0/stm32cubeide/plugins/com.st.stm32cube.ide.mcu.externaltools.gnu-tools-for-stm32.9-2020-q2-update.win32_2.0.0.202105311346/tools/bin/../lib/gcc/arm-none-eabi/9.3.1/../../../../arm-none-eabi/lib/thumb/v7e-m+fp/hard\libc_nano.a(lib_a-impure.o)
                              c:/st/stm32cubeide_1.8.0/stm32cubeide/plugins/com.st.stm32cube.ide.mcu.externaltools.gnu-tools-for-stm32.9-2020-q2-update.win32_2.0.0.202105311346/tools/bin/../lib/gcc/arm-none-eabi/9.3.1/../../../../arm-none-eabi/lib/thumb/v7e-m+fp/hard\libc_nano.a(lib_a-exit.o) (_global_impure_ptr)
c:/st/stm32cubeide_1.8.0/stm32cubeide/plugins/com.st.stm32cube.ide.mcu.externaltools.gnu-tools-for-stm32.9-2020-q2-update.win32_2.0.0.202105311346/tools/bin/../lib/gcc/arm-none-eabi/9.3.1/../../../../arm-none-eabi/lib/thumb/v7e-m+fp/hard\libc_nano.a(lib_a-init.o)
                              c:/st/stm32cubeide_1.8.0/stm32cubeide/plugins/com.st.stm32cube.ide.mcu.externaltools.gnu-tools-for-stm32.9-2020-q2-update.win32_2.0.0.202105311346/tools/bin/../lib/gcc/arm-none-eabi/9.3.1/../../../../arm-none-eabi/lib/thumb/v7e-m+fp/hard/crt0.o (__libc_init_array)
c:/st/stm32cubeide_1.8.0/stm32cubeide/plugins/com.st.stm32cube.ide.mcu.externaltools.gnu-tools-for-stm32.9-2020-q2-update.win32_2.0.0.202105311346/tools/bin/../lib/gcc/arm-none-eabi/9.3.1/../../../../arm-none-eabi/lib/thumb/v7e-m+fp/hard\libc_nano.a(lib_a-memcpy-stub.o)
                              ./Core/Src/main.o (memcpy)
c:/st/stm32cubeide_1.8.0/stm32cubeide/plugins/com.st.stm32cube.ide.mcu.externaltools.gnu-tools-for-stm32.9-2020-q2-update.win32_2.0.0.202105311346/tools/bin/../lib/gcc/arm-none-eabi/9.3.1/../../../../arm-none-eabi/lib/thumb/v7e-m+fp/hard\libc_nano.a(lib_a-memset.o)
                              c:/st/stm32cubeide_1.8.0/stm32cubeide/plugins/com.st.stm32cube.ide.mcu.externaltools.gnu-tools-for-stm32.9-2020-q2-update.win32_2.0.0.202105311346/tools/bin/../lib/gcc/arm-none-eabi/9.3.1/../../../../arm-none-eabi/lib/thumb/v7e-m+fp/hard/crt0.o (memset)
c:/st/stm32cubeide_1.8.0/stm32cubeide/plugins/com.st.stm32cube.ide.mcu.externaltools.gnu-tools-for-stm32.9-2020-q2-update.win32_2.0.0.202105311346/tools/bin/../lib/gcc/arm-none-eabi/9.3.1/../../../../arm-none-eabi/lib/thumb/v7e-m+fp/hard\libc_nano.a(lib_a-sprintf.o)
                              ./Core/Src/main.o (sprintf)
c:/st/stm32cubeide_1.8.0/stm32cubeide/plugins/com.st.stm32cube.ide.mcu.externaltools.gnu-tools-for-stm32.9-2020-q2-update.win32_2.0.0.202105311346/tools/bin/../lib/gcc/arm-none-eabi/9.3.1/../../../../arm-none-eabi/lib/thumb/v7e-m+fp/hard\libc_nano.a(lib_a-strcpy.o)
                              ./Drivers/BSP/Components/vl53l0x/vl53l0x_api_core.o (strcpy)
c:/st/stm32cubeide_1.8.0/stm32cubeide/plugins/com.st.stm32cube.ide.mcu.externaltools.gnu-tools-for-stm32.9-2020-q2-update.win32_2.0.0.202105311346/tools/bin/../lib/gcc/arm-none-eabi/9.3.1/../../../../arm-none-eabi/lib/thumb/v7e-m+fp/hard\libc_nano.a(lib_a-strlen.o)
                              ./Drivers/BSP/NUCLEO-F411RE/vl53l0x_platform.o (strlen)
c:/st/stm32cubeide_1.8.0/stm32cubeide/plugins/com.st.stm32cube.ide.mcu.externaltools.gnu-tools-for-stm32.9-2020-q2-update.win32_2.0.0.202105311346/tools/bin/../lib/gcc/arm-none-eabi/9.3.1/../../../../arm-none-eabi/lib/thumb/v7e-m+fp/hard\libc_nano.a(lib_a-nano-svfprintf.o)
                              c:/st/stm32cubeide_1.8.0/stm32cubeide/plugins/com.st.stm32cube.ide.mcu.externaltools.gnu-tools-for-stm32.9-2020-q2-update.win32_2.0.0.202105311346/tools/bin/../lib/gcc/arm-none-eabi/9.3.1/../../../../arm-none-eabi/lib/thumb/v7e-m+fp/hard\libc_nano.a(lib_a-sprintf.o) (_svfprintf_r)
c:/st/stm32cubeide_1.8.0/stm32cubeide/plugins/com.st.stm32cube.ide.mcu.externaltools.gnu-tools-for-stm32.9-2020-q2-update.win32_2.0.0.202105311346/tools/bin/../lib/gcc/arm-none-eabi/9.3.1/../../../../arm-none-eabi/lib/thumb/v7e-m+fp/hard\libc_nano.a(lib_a-nano-vfprintf_i.o)
[...]
Memory Configuration

Name             Origin             Length             Attributes
RAM              0x0000000020000000 0x0000000000020000 xrw
FLASH            0x0000000008000000 0x0000000000080000 xr
*default*        0x0000000000000000 0xffffffffffffffff

Linker script and memory map

LOAD c:/st/stm32cubeide_1.8.0/stm32cubeide/plugins/com.st.stm32cube.ide.mcu.externaltools.gnu-tools-for-stm32.9-2020-q2-update.win32_2.0.0.202105311346/tools/bin/../lib/gcc/arm-none-eabi/9.3.1/thumb/v7e-m+fp/hard/crti.o
LOAD c:/st/stm32cubeide_1.8.0/stm32cubeide/plugins/com.st.stm32cube.ide.mcu.externaltools.gnu-tools-for-stm32.9-2020-q2-update.win32_2.0.0.202105311346/tools/bin/../lib/gcc/arm-none-eabi/9.3.1/thumb/v7e-m+fp/hard/crtbegin.o
LOAD c:/st/stm32cubeide_1.8.0/stm32cubeide/plugins/com.st.stm32cube.ide.mcu.externaltools.gnu-tools-for-stm32.9-2020-q2-update.win32_2.0.0.202105311346/tools/bin/../lib/gcc/arm-none-eabi/9.3.1/../../../../arm-none-eabi/lib/thumb/v7e-m+fp/hard/crt0.o
LOAD ./Core/Src/main.o
LOAD ./Core/Src/stm32f4xx_hal_msp.o
LOAD ./Core/Src/stm32f4xx_it.o
LOAD ./Core/Src/syscalls.o
LOAD ./Core/Src/sysmem.o
LOAD ./Core/Src/system_stm32f4xx.o
LOAD ./Core/Startup/startup_stm32f411retx.o
LOAD ./Drivers/BSP/Components/vl53l0x/vl53l0x_api.o
LOAD ./Drivers/BSP/Components/vl53l0x/vl53l0x_api_calibration.o
LOAD ./Drivers/BSP/Components/vl53l0x/vl53l0x_api_core.o
LOAD ./Drivers/BSP/Components/vl53l0x/vl53l0x_api_ranging.o
LOAD ./Drivers/BSP/Components/vl53l0x/vl53l0x_api_strings.o
LOAD ./Drivers/BSP/Components/vl53l0x/vl53l0x_platform_log.o
LOAD ./Drivers/BSP/NUCLEO-F411RE/uart_trace.o
LOAD ./Drivers/BSP/NUCLEO-F411RE/vl53l0x_platform.o
LOAD ./Drivers/STM32F4xx_HAL_Driver/Src/stm32f4xx_hal.o
LOAD ./Drivers/STM32F4xx_HAL_Driver/Src/stm32f4xx_hal_cortex.o
LOAD ./Drivers/STM32F4xx_HAL_Driver/Src/stm32f4xx_hal_dma.o
LOAD ./Drivers/STM32F4xx_HAL_Driver/Src/stm32f4xx_hal_dma_ex.o
LOAD ./Drivers/STM32F4xx_HAL_Driver/Src/stm32f4xx_hal_exti.o
LOAD ./Drivers/STM32F4xx_HAL_Driver/Src/stm32f4xx_hal_flash.o
LOAD ./Drivers/STM32F4xx_HAL_Driver/Src/stm32f4xx_hal_flash_ex.o
LOAD ./Drivers/STM32F4xx_HAL_Driver/Src/stm32f4xx_hal_flash_ramfunc.o
LOAD ./Drivers/STM32F4xx_HAL_Driver/Src/stm32f4xx_hal_gpio.o
LOAD ./Drivers/STM32F4xx_HAL_Driver/Src/stm32f4xx_hal_i2c.o
LOAD ./Drivers/STM32F4xx_HAL_Driver/Src/stm32f4xx_hal_i2c_ex.o
LOAD ./Drivers/STM32F4xx_HAL_Driver/Src/stm32f4xx_hal_pwr.o
LOAD ./Drivers/STM32F4xx_HAL_Driver/Src/stm32f4xx_hal_pwr_ex.o
LOAD ./Drivers/STM32F4xx_HAL_Driver/Src/stm32f4xx_hal_rcc.o
LOAD ./Drivers/STM32F4xx_HAL_Driver/Src/stm32f4xx_hal_rcc_ex.o
LOAD ./Drivers/STM32F4xx_HAL_Driver/Src/stm32f4xx_hal_tim.o
LOAD ./Drivers/STM32F4xx_HAL_Driver/Src/stm32f4xx_hal_tim_ex.o
LOAD ./Drivers/STM32F4xx_HAL_Driver/Src/stm32f4xx_hal_uart.o
START GROUP
LOAD c:/st/stm32cubeide_1.8.0/stm32cubeide/plugins/com.st.stm32cube.ide.mcu.externaltools.gnu-tools-for-stm32.9-2020-q2-update.win32_2.0.0.202105311346/tools/bin/../lib/gcc/arm-none-eabi/9.3.1/../../../../arm-none-eabi/lib/thumb/v7e-m+fp/hard\libc_nano.a
LOAD c:/st/stm32cubeide_1.8.0/stm32cubeide/plugins/com.st.stm32cube.ide.mcu.externaltools.gnu-tools-for-stm32.9-2020-q2-update.win32_2.0.0.202105311346/tools/bin/../lib/gcc/arm-none-eabi/9.3.1/../../../../arm-none-eabi/lib/thumb/v7e-m+fp/hard\libm.a
END GROUP
START GROUP
LOAD c:/st/stm32cubeide_1.8.0/stm32cubeide/plugins/com.st.stm32cube.ide.mcu.externaltools.gnu-tools-for-stm32.9-2020-q2-update.win32_2.0.0.202105311346/tools/bin/../lib/gcc/arm-none-eabi/9.3.1/thumb/v7e-m+fp/hard\libgcc.a
LOAD c:/st/stm32cubeide_1.8.0/stm32cubeide/plugins/com.st.stm32cube.ide.mcu.externaltools.gnu-tools-for-stm32.9-2020-q2-update.win32_2.0.0.202105311346/tools/bin/../lib/gcc/arm-none-eabi/9.3.1/../../../../arm-none-eabi/lib/thumb/v7e-m+fp/hard\libc_nano.a
END GROUP
START GROUP
LOAD c:/st/stm32cubeide_1.8.0/stm32cubeide/plugins/com.st.stm32cube.ide.mcu.externaltools.gnu-tools-for-stm32.9-2020-q2-update.win32_2.0.0.202105311346/tools/bin/../lib/gcc/arm-none-eabi/9.3.1/thumb/v7e-m+fp/hard\libgcc.a
LOAD c:/st/stm32cubeide_1.8.0/stm32cubeide/plugins/com.st.stm32cube.ide.mcu.externaltools.gnu-tools-for-stm32.9-2020-q2-update.win32_2.0.0.202105311346/tools/bin/../lib/gcc/arm-none-eabi/9.3.1/../../../../arm-none-eabi/lib/thumb/v7e-m+fp/hard\libc_nano.a
LOAD c:/st/stm32cubeide_1.8.0/stm32cubeide/plugins/com.st.stm32cube.ide.mcu.externaltools.gnu-tools-for-stm32.9-2020-q2-update.win32_2.0.0.202105311346/tools/bin/../lib/gcc/arm-none-eabi/9.3.1/../../../../arm-none-eabi/lib/thumb/v7e-m+fp/hard\libnosys.a
END GROUP
START GROUP
LOAD c:/st/stm32cubeide_1.8.0/stm32cubeide/plugins/com.st.stm32cube.ide.mcu.externaltools.gnu-tools-for-stm32.9-2020-q2-update.win32_2.0.0.202105311346/tools/bin/../lib/gcc/arm-none-eabi/9.3.1/thumb/v7e-m+fp/hard\libgcc.a
LOAD c:/st/stm32cubeide_1.8.0/stm32cubeide/plugins/com.st.stm32cube.ide.mcu.externaltools.gnu-tools-for-stm32.9-2020-q2-update.win32_2.0.0.202105311346/tools/bin/../lib/gcc/arm-none-eabi/9.3.1/../../../../arm-none-eabi/lib/thumb/v7e-m+fp/hard\libc_nano.a
LOAD c:/st/stm32cubeide_1.8.0/stm32cubeide/plugins/com.st.stm32cube.ide.mcu.externaltools.gnu-tools-for-stm32.9-2020-q2-update.win32_2.0.0.202105311346/tools/bin/../lib/gcc/arm-none-eabi/9.3.1/../../../../arm-none-eabi/lib/thumb/v7e-m+fp/hard\libnosys.a
END GROUP
LOAD c:/st/stm32cubeide_1.8.0/stm32cubeide/plugins/com.st.stm32cube.ide.mcu.externaltools.gnu-tools-for-stm32.9-2020-q2-update.win32_2.0.0.202105311346/tools/bin/../lib/gcc/arm-none-eabi/9.3.1/thumb/v7e-m+fp/hard/crtend.o
LOAD c:/st/stm32cubeide_1.8.0/stm32cubeide/plugins/com.st.stm32cube.ide.mcu.externaltools.gnu-tools-for-stm32.9-2020-q2-update.win32_2.0.0.202105311346/tools/bin/../lib/gcc/arm-none-eabi/9.3.1/thumb/v7e-m+fp/hard/crtn.o
                0x0000000020020000                _estack = (ORIGIN (RAM) + LENGTH (RAM))
                0x0000000000000200                _Min_Heap_Size = 0x200
                0x0000000000000400                _Min_Stack_Size = 0x400

.isr_vector     0x0000000008000000      0x198
                0x0000000008000000                . = ALIGN (0x4)
 *(.isr_vector)
 .isr_vector    0x0000000008000000      0x198 ./Core/Startup/startup_stm32f411retx.o
                0x0000000008000000                g_pfnVectors
                0x0000000008000198                . = ALIGN (0x4)

.text           0x00000000080001a0     0x8b5c
                0x00000000080001a0                . = ALIGN (0x4)
 *(.text)
 .text          0x00000000080001a0       0x40 c:/st/stm32cubeide_1.8.0/stm32cubeide/plugins/com.st.stm32cube.ide.mcu.externaltools.gnu-tools-for-stm32.9-2020-q2-update.win32_2.0.0.202105311346/tools/bin/../lib/gcc/arm-none-eabi/9.3.1/thumb/v7e-m+fp/hard/crtbegin.o
 .text          0x00000000080001e0       0x10 c:/st/stm32cubeide_1.8.0/stm32cubeide/plugins/com.st.stm32cube.ide.mcu.externaltools.gnu-tools-for-stm32.9-2020-q2-update.win32_2.0.0.202105311346/tools/bin/../lib/gcc/arm-none-eabi/9.3.1/../../../../arm-none-eabi/lib/thumb/v7e-m+fp/hard\libc_nano.a(lib_a-strlen.o)
                0x00000000080001e0                strlen
 .text          0x00000000080001f0       0xa0 c:/st/stm32cubeide_1.8.0/stm32cubeide/plugins/com.st.stm32cube.ide.mcu.externaltools.gnu-tools-for-stm32.9-2020-q2-update.win32_2.0.0.202105311346/tools/bin/../lib/gcc/arm-none-eabi/9.3.1/../../../../arm-none-eabi/lib/thumb/v7e-m+fp/hard\libc_nano.a(lib_a-memchr.o)
                0x00000000080001f0                memchr
 .text          0x0000000008000290       0x30 c:/st/stm32cubeide_1.8.0/stm32cubeide/plugins/com.st.stm32cube.ide.mcu.externaltools.gnu-tools-for-stm32.9-2020-q2-update.win32_2.0.0.202105311346/tools/bin/../lib/gcc/arm-none-eabi/9.3.1/thumb/v7e-m+fp/hard\libgcc.a(_aeabi_uldivmod.o)
                0x0000000008000290                __aeabi_uldivmod
 .text          0x00000000080002c0      0x2c4 c:/st/stm32cubeide_1.8.0/stm32cubeide/plugins/com.st.stm32cube.ide.mcu.externaltools.gnu-tools-for-stm32.9-2020-q2-update.win32_2.0.0.202105311346/tools/bin/../lib/gcc/arm-none-eabi/9.3.1/thumb/v7e-m+fp/hard\libgcc.a(_udivmoddi4.o)
                0x00000000080002c0                __udivmoddi4
 .text          0x0000000008000584        0x4 c:/st/stm32cubeide_1.8.0/stm32cubeide/plugins/com.st.stm32cube.ide.mcu.externaltools.gnu-tools-for-stm32.9-2020-q2-update.win32_2.0.0.202105311346/tools/bin/../lib/gcc/arm-none-eabi/9.3.1/thumb/v7e-m+fp/hard\libgcc.a(_dvmd_tls.o)
                0x0000000008000584                __aeabi_idiv0
                0x0000000008000584                __aeabi_ldiv0
 *(.text*)
 .text.main     0x0000000008000588       0xa0 ./Core/Src/main.o
                0x0000000008000588                main
 .text.SystemClock_Config
                0x0000000008000628       0xd4 ./Core/Src/main.o
                0x0000000008000628                SystemClock_Config
 .text.MX_I2C1_Init
                0x00000000080006fc       0x5c ./Core/Src/main.o
 .text.MX_USART2_UART_Init
                0x0000000008000758       0x54 ./Core/Src/main.o
 .text.MX_GPIO_Init
                0x00000000080007ac       0xe0 ./Core/Src/main.o
 .text.Error_Handler
                0x000000000800088c        0xa ./Core/Src/main.o
                0x000000000800088c                Error_Handler
 *fill*         0x0000000008000896        0x2 
 .text.HAL_MspInit
                0x0000000008000898       0x50 ./Core/Src/stm32f4xx_hal_msp.o
                0x0000000008000898                HAL_MspInit
 .text.HAL_I2C_MspInit
                0x00000000080008e8       0x90 ./Core/Src/stm32f4xx_hal_msp.o
                0x00000000080008e8                HAL_I2C_MspInit
 .text.HAL_UART_MspInit
                0x0000000008000978       0x90 ./Core/Src/stm32f4xx_hal_msp.o
                0x0000000008000978                HAL_UART_MspInit
 .text.NMI_Handler
                0x0000000008000a08        0x6 ./Core/Src/stm32f4xx_it.o
                0x0000000008000a08                NMI_Handler
 .text.HardFault_Handler
                0x0000000008000a0e        0x6 ./Core/Src/stm32f4xx_it.o
                0x0000000008000a0e                HardFault_Handler
 .text.MemManage_Handler
                0x0000000008000a14        0x6 ./Core/Src/stm32f4xx_it.o
                0x0000000008000a14                MemManage_Handler
 .text.BusFault_Handler
                0x0000000008000a1a        0x6 ./Core/Src/stm32f4xx_it.o
                0x0000000008000a1a                BusFault_Handler
 .text.UsageFault_Handler
                0x0000000008000a20        0x6 ./Core/Src/stm32f4xx_it.o
                0x0000000008000a20                UsageFault_Handler
 .text.SVC_Handler
                0x0000000008000a26        0xe ./Core/Src/stm32f4xx_it.o
                0x0000000008000a26                SVC_Handler
 .text.DebugMon_Handler
                0x0000000008000a34        0xe ./Core/Src/stm32f4xx_it.o
                0x0000000008000a34                DebugMon_Handler
 .text.PendSV_Handler
                0x0000000008000a42        0xe ./Core/Src/stm32f4xx_it.o
                0x0000000008000a42                PendSV_Handler
 .text.SysTick_Handler
                0x0000000008000a50        0xc ./Core/Src/stm32f4xx_it.o
                0x0000000008000a50                SysTick_Handler
 .text._sbrk    0x0000000008000a5c       0x6c ./Core/Src/sysmem.o
                0x0000000008000a5c                _sbrk
 .text.SystemInit
                0x0000000008000ac8       0x24 ./Core/Src/system_stm32f4xx.o
                0x0000000008000ac8                SystemInit
 .text.Reset_Handler
                0x0000000008000aec       0x50 ./Core/Startup/startup_stm32f411retx.o
                0x0000000008000aec                Reset_Handler
 .text.Default_Handler
                0x0000000008000b3c        0x2 ./Core/Startup/startup_stm32f411retx.o
                0x0000000008000b3c                RTC_Alarm_IRQHandler
                0x0000000008000b3c                EXTI2_IRQHandler
                0x0000000008000b3c                SPI4_IRQHandler
                0x0000000008000b3c                TIM1_CC_IRQHandler
                0x0000000008000b3c                DMA2_Stream5_IRQHandler
                0x0000000008000b3c                DMA1_Stream5_IRQHandler
                0x0000000008000b3c                PVD_IRQHandler
                0x0000000008000b3c                SDIO_IRQHandler
                0x0000000008000b3c                TAMP_STAMP_IRQHandler
                0x0000000008000b3c                EXTI3_IRQHandler
                0x0000000008000b3c                TIM1_UP_TIM10_IRQHandler
                0x0000000008000b3c                I2C3_ER_IRQHandler
                0x0000000008000b3c                EXTI0_IRQHandler
                0x0000000008000b3c                I2C2_EV_IRQHandler
                0x0000000008000b3c                DMA1_Stream2_IRQHandler
                0x0000000008000b3c                FPU_IRQHandler
                0x0000000008000b3c                DMA2_Stream2_IRQHandler
                0x0000000008000b3c                SPI1_IRQHandler
                0x0000000008000b3c                TIM1_BRK_TIM9_IRQHandler
                0x0000000008000b3c                DMA2_Stream3_IRQHandler
                0x0000000008000b3c                USART6_IRQHandler
                0x0000000008000b3c                DMA2_Stream0_IRQHandler
                0x0000000008000b3c                TIM4_IRQHandler
                0x0000000008000b3c                I2C1_EV_IRQHandler
                0x0000000008000b3c                DMA1_Stream6_IRQHandler
                0x0000000008000b3c                DMA1_Stream1_IRQHandler
                0x0000000008000b3c                TIM3_IRQHandler
                0x0000000008000b3c                RCC_IRQHandler
                0x0000000008000b3c                Default_Handler
                0x0000000008000b3c                EXTI15_10_IRQHandler
                0x0000000008000b3c                ADC_IRQHandler
                0x0000000008000b3c                DMA1_Stream7_IRQHandler
                0x0000000008000b3c                SPI5_IRQHandler
                0x0000000008000b3c                TIM5_IRQHandler
                0x0000000008000b3c                DMA2_Stream7_IRQHandler
                0x0000000008000b3c                I2C3_EV_IRQHandler
                0x0000000008000b3c                EXTI9_5_IRQHandler
                0x0000000008000b3c                RTC_WKUP_IRQHandler
                0x0000000008000b3c                SPI2_IRQHandler
                0x0000000008000b3c                DMA1_Stream0_IRQHandler
                0x0000000008000b3c                EXTI4_IRQHandler
                0x0000000008000b3c                WWDG_IRQHandler
                0x0000000008000b3c                TIM2_IRQHandler
                0x0000000008000b3c                OTG_FS_WKUP_IRQHandler
                0x0000000008000b3c                TIM1_TRG_COM_TIM11_IRQHandler
                0x0000000008000b3c                EXTI1_IRQHandler
                0x0000000008000b3c                USART2_IRQHandler
                0x0000000008000b3c                I2C2_ER_IRQHandler
                0x0000000008000b3c                DMA2_Stream1_IRQHandler
                0x0000000008000b3c                FLASH_IRQHandler
                0x0000000008000b3c                DMA2_Stream4_IRQHandler
                0x0000000008000b3c                USART1_IRQHandler
                0x0000000008000b3c                OTG_FS_IRQHandler
                0x0000000008000b3c                SPI3_IRQHandler
                0x0000000008000b3c                DMA1_Stream4_IRQHandler
                0x0000000008000b3c                I2C1_ER_IRQHandler
                0x0000000008000b3c                DMA2_Stream6_IRQHandler
                0x0000000008000b3c                DMA1_Stream3_IRQHandler
 .text.VL53L0X_GetOffsetCalibrationDataMicroMeter
                0x0000000008000b3e       0x26 ./Drivers/BSP/Components/vl53l0x/vl53l0x_api.o
                0x0000000008000b3e                VL53L0X_GetOffsetCalibrationDataMicroMeter
 .text.VL53L0X_SetDeviceAddress
                0x0000000008000b64       0x30 ./Drivers/BSP/Components/vl53l0x/vl53l0x_api.o
                0x0000000008000b64                VL53L0X_SetDeviceAddress
 .text.VL53L0X_DataInit
                0x0000000008000b94      0x2c8 ./Drivers/BSP/Components/vl53l0x/vl53l0x_api.o
                0x0000000008000b94                VL53L0X_DataInit
 .text.VL53L0X_StaticInit
                0x0000000008000e5c      0x304 ./Drivers/BSP/Components/vl53l0x/vl53l0x_api.o
                0x0000000008000e5c                VL53L0X_StaticInit
 .text.VL53L0X_GetDeviceParameters
                0x0000000008001160      0x120 ./Drivers/BSP/Components/vl53l0x/vl53l0x_api.o
                0x0000000008001160                VL53L0X_GetDeviceParameters
 .text.VL53L0X_SetDeviceMode
                0x0000000008001280       0x58 ./Drivers/BSP/Components/vl53l0x/vl53l0x_api.o
                0x0000000008001280                VL53L0X_SetDeviceMode
 .text.VL53L0X_GetDeviceMode
                0x00000000080012d8       0x26 ./Drivers/BSP/Components/vl53l0x/vl53l0x_api.o
                0x00000000080012d8                VL53L0X_GetDeviceMode
 .text.VL53L0X_GetFractionEnable
                0x00000000080012fe       0x3e ./Drivers/BSP/Components/vl53l0x/vl53l0x_api.o
                0x00000000080012fe                VL53L0X_GetFractionEnable
 .text.VL53L0X_SetMeasurementTimingBudgetMicroSeconds
                0x000000000800133c       0x26 ./Drivers/BSP/Components/vl53l0x/vl53l0x_api.o
                0x000000000800133c                VL53L0X_SetMeasurementTimingBudgetMicroSeconds
 .text.VL53L0X_GetMeasurementTimingBudgetMicroSeconds
                0x0000000008001362       0x26 ./Drivers/BSP/Components/vl53l0x/vl53l0x_api.o
                0x0000000008001362                VL53L0X_GetMeasurementTimingBudgetMicroSeconds
 .text.VL53L0X_SetVcselPulsePeriod
                0x0000000008001388       0x30 ./Drivers/BSP/Components/vl53l0x/vl53l0x_api.o
                0x0000000008001388                VL53L0X_SetVcselPulsePeriod
 .text.VL53L0X_GetVcselPulsePeriod
                0x00000000080013b8       0x2e ./Drivers/BSP/Components/vl53l0x/vl53l0x_api.o
                0x00000000080013b8                VL53L0X_GetVcselPulsePeriod
 *fill*         0x00000000080013e6        0x2 
 .text.VL53L0X_SetSequenceStepEnable
                0x00000000080013e8      0x144 ./Drivers/BSP/Components/vl53l0x/vl53l0x_api.o
                0x00000000080013e8                VL53L0X_SetSequenceStepEnable
 .text.sequence_step_enabled
                0x000000000800152c       0xa4 ./Drivers/BSP/Components/vl53l0x/vl53l0x_api.o
                0x000000000800152c                sequence_step_enabled
 .text.VL53L0X_GetSequenceStepEnables
                0x00000000080015d0       0xb0 ./Drivers/BSP/Components/vl53l0x/vl53l0x_api.o
                0x00000000080015d0                VL53L0X_GetSequenceStepEnables
 .text.VL53L0X_GetInterMeasurementPeriodMilliSeconds
                0x0000000008001680       0x68 ./Drivers/BSP/Components/vl53l0x/vl53l0x_api.o
                0x0000000008001680                VL53L0X_GetInterMeasurementPeriodMilliSeconds
 .text.VL53L0X_GetXTalkCompensationEnable
                0x00000000080016e8       0x2a ./Drivers/BSP/Components/vl53l0x/vl53l0x_api.o
                0x00000000080016e8                VL53L0X_GetXTalkCompensationEnable
 .text.VL53L0X_GetXTalkCompensationRateMegaCps
                0x0000000008001712       0x66 ./Drivers/BSP/Components/vl53l0x/vl53l0x_api.o
                0x0000000008001712                VL53L0X_GetXTalkCompensationRateMegaCps
 .text.VL53L0X_SetLimitCheckEnable
                0x0000000008001778      0x118 ./Drivers/BSP/Components/vl53l0x/vl53l0x_api.o
                0x0000000008001778                VL53L0X_SetLimitCheckEnable
 .text.VL53L0X_GetLimitCheckEnable
                0x0000000008001890       0x46 ./Drivers/BSP/Components/vl53l0x/vl53l0x_api.o
                0x0000000008001890                VL53L0X_GetLimitCheckEnable
 *fill*         0x00000000080018d6        0x2 
 .text.VL53L0X_SetLimitCheckValue
                0x00000000080018d8       0xc4 ./Drivers/BSP/Components/vl53l0x/vl53l0x_api.o
                0x00000000080018d8                VL53L0X_SetLimitCheckValue
 .text.VL53L0X_GetLimitCheckValue
                0x000000000800199c      0x11c ./Drivers/BSP/Components/vl53l0x/vl53l0x_api.o
                0x000000000800199c                VL53L0X_GetLimitCheckValue
 .text.VL53L0X_GetWrapAroundCheckEnable
                0x0000000008001ab8       0x64 ./Drivers/BSP/Components/vl53l0x/vl53l0x_api.o
                0x0000000008001ab8                VL53L0X_GetWrapAroundCheckEnable
 .text.VL53L0X_PerformSingleMeasurement
                0x0000000008001b1c       0x68 ./Drivers/BSP/Components/vl53l0x/vl53l0x_api.o
                0x0000000008001b1c                VL53L0X_PerformSingleMeasurement
 .text.VL53L0X_PerformRefCalibration
                0x0000000008001b84       0x2c ./Drivers/BSP/Components/vl53l0x/vl53l0x_api.o
                0x0000000008001b84                VL53L0X_PerformRefCalibration
 .text.VL53L0X_CheckAndLoadInterruptSettings
                0x0000000008001bb0       0xcc ./Drivers/BSP/Components/vl53l0x/vl53l0x_api.o
                0x0000000008001bb0                VL53L0X_CheckAndLoadInterruptSettings
 .text.VL53L0X_StartMeasurement
                0x0000000008001c7c      0x184 ./Drivers/BSP/Components/vl53l0x/vl53l0x_api.o
                0x0000000008001c7c                VL53L0X_StartMeasurement
 .text.VL53L0X_GetMeasurementDataReady
                0x0000000008001e00       0x80 ./Drivers/BSP/Components/vl53l0x/vl53l0x_api.o
                0x0000000008001e00                VL53L0X_GetMeasurementDataReady
 .text.VL53L0X_GetRangingMeasurementData
                0x0000000008001e80      0x248 ./Drivers/BSP/Components/vl53l0x/vl53l0x_api.o
                0x0000000008001e80                VL53L0X_GetRangingMeasurementData
 .text.VL53L0X_PerformSingleRangingMeasurement
                0x00000000080020c8       0x60 ./Drivers/BSP/Components/vl53l0x/vl53l0x_api.o
                0x00000000080020c8                VL53L0X_PerformSingleRangingMeasurement
 .text.VL53L0X_SetGpioConfig
                0x0000000008002128      0x248 ./Drivers/BSP/Components/vl53l0x/vl53l0x_api.o
                0x0000000008002128                VL53L0X_SetGpioConfig
 .text.VL53L0X_GetInterruptThresholds
                0x0000000008002370       0x6c ./Drivers/BSP/Components/vl53l0x/vl53l0x_api.o
                0x0000000008002370                VL53L0X_GetInterruptThresholds
 .text.VL53L0X_ClearInterruptMask
                0x00000000080023dc       0x80 ./Drivers/BSP/Components/vl53l0x/vl53l0x_api.o
                0x00000000080023dc                VL53L0X_ClearInterruptMask
 .text.VL53L0X_GetInterruptMaskStatus
                0x000000000800245c       0x44 ./Drivers/BSP/Components/vl53l0x/vl53l0x_api.o
                0x000000000800245c                VL53L0X_GetInterruptMaskStatus
 .text.VL53L0X_PerformRefSpadManagement
                0x00000000080024a0       0x2a ./Drivers/BSP/Components/vl53l0x/vl53l0x_api.o
                0x00000000080024a0                VL53L0X_PerformRefSpadManagement
 .text.VL53L0X_get_offset_calibration_data_micro_meter
                0x00000000080024ca       0x7e ./Drivers/BSP/Components/vl53l0x/vl53l0x_api_calibration.o
                0x00000000080024ca                VL53L0X_get_offset_calibration_data_micro_meter
 .text.get_next_good_spad
                0x0000000008002548       0xbc ./Drivers/BSP/Components/vl53l0x/vl53l0x_api_calibration.o
                0x0000000008002548                get_next_good_spad
 .text.is_aperture
                0x0000000008002604       0x34 ./Drivers/BSP/Components/vl53l0x/vl53l0x_api_calibration.o
                0x0000000008002604                is_aperture
 .text.enable_spad_bit
                0x0000000008002638       0x70 ./Drivers/BSP/Components/vl53l0x/vl53l0x_api_calibration.o
                0x0000000008002638                enable_spad_bit
 .text.set_ref_spad_map
                0x00000000080026a8       0x26 ./Drivers/BSP/Components/vl53l0x/vl53l0x_api_calibration.o
                0x00000000080026a8                set_ref_spad_map
 .text.get_ref_spad_map
                0x00000000080026ce       0x26 ./Drivers/BSP/Components/vl53l0x/vl53l0x_api_calibration.o
                0x00000000080026ce                get_ref_spad_map
 .text.enable_ref_spads
                0x00000000080026f4       0xf8 ./Drivers/BSP/Components/vl53l0x/vl53l0x_api_calibration.o
                0x00000000080026f4                enable_ref_spads
 .text.perform_ref_signal_measurement
                0x00000000080027ec       0xd4 ./Drivers/BSP/Components/vl53l0x/vl53l0x_api_calibration.o
                0x00000000080027ec                perform_ref_signal_measurement
 .text.VL53L0X_perform_ref_spad_management
                0x00000000080028c0      0x418 ./Drivers/BSP/Components/vl53l0x/vl53l0x_api_calibration.o
                0x00000000080028c0                VL53L0X_perform_ref_spad_management
 .text.VL53L0X_set_reference_spads
                0x0000000008002cd8      0x14a ./Drivers/BSP/Components/vl53l0x/vl53l0x_api_calibration.o
                0x0000000008002cd8                VL53L0X_set_reference_spads
 .text.VL53L0X_perform_single_ref_calibration
                0x0000000008002e22       0x76 ./Drivers/BSP/Components/vl53l0x/vl53l0x_api_calibration.o
                0x0000000008002e22                VL53L0X_perform_single_ref_calibration
 .text.VL53L0X_ref_calibration_io
                0x0000000008002e98      0x132 ./Drivers/BSP/Components/vl53l0x/vl53l0x_api_calibration.o
                0x0000000008002e98                VL53L0X_ref_calibration_io
 .text.VL53L0X_perform_vhv_calibration
                0x0000000008002fca       0xce ./Drivers/BSP/Components/vl53l0x/vl53l0x_api_calibration.o
                0x0000000008002fca                VL53L0X_perform_vhv_calibration
 .text.VL53L0X_perform_phase_calibration
                0x0000000008003098       0xca ./Drivers/BSP/Components/vl53l0x/vl53l0x_api_calibration.o
                0x0000000008003098                VL53L0X_perform_phase_calibration
 .text.VL53L0X_perform_ref_calibration
                0x0000000008003162       0x7a ./Drivers/BSP/Components/vl53l0x/vl53l0x_api_calibration.o
                0x0000000008003162                VL53L0X_perform_ref_calibration
 .text.VL53L0X_measurement_poll_for_completion
                0x00000000080031dc       0x60 ./Drivers/BSP/Components/vl53l0x/vl53l0x_api_core.o
                0x00000000080031dc                VL53L0X_measurement_poll_for_completion
 .text.VL53L0X_decode_vcsel_period
                0x000000000800323c       0x26 ./Drivers/BSP/Components/vl53l0x/vl53l0x_api_core.o
                0x000000000800323c                VL53L0X_decode_vcsel_period
 .text.VL53L0X_encode_vcsel_period
                0x0000000008003262       0x26 ./Drivers/BSP/Components/vl53l0x/vl53l0x_api_core.o
                0x0000000008003262                VL53L0X_encode_vcsel_period
 .text.VL53L0X_isqrt
                0x0000000008003288       0x68 ./Drivers/BSP/Components/vl53l0x/vl53l0x_api_core.o
                0x0000000008003288                VL53L0X_isqrt
 .text.VL53L0X_device_read_strobe
                0x00000000080032f0       0x86 ./Drivers/BSP/Components/vl53l0x/vl53l0x_api_core.o
                0x00000000080032f0                VL53L0X_device_read_strobe
 .text.VL53L0X_get_info_from_device
                0x0000000008003376      0x99a ./Drivers/BSP/Components/vl53l0x/vl53l0x_api_core.o
                0x0000000008003376                VL53L0X_get_info_from_device
 .text.VL53L0X_calc_macro_period_ps
                0x0000000008003d10       0x3c ./Drivers/BSP/Components/vl53l0x/vl53l0x_api_core.o
                0x0000000008003d10                VL53L0X_calc_macro_period_ps
 .text.VL53L0X_encode_timeout
                0x0000000008003d4c       0x58 ./Drivers/BSP/Components/vl53l0x/vl53l0x_api_core.o
                0x0000000008003d4c                VL53L0X_encode_timeout
 .text.VL53L0X_decode_timeout
                0x0000000008003da4       0x2c ./Drivers/BSP/Components/vl53l0x/vl53l0x_api_core.o
                0x0000000008003da4                VL53L0X_decode_timeout
 .text.VL53L0X_calc_timeout_mclks
                0x0000000008003dd0       0x54 ./Drivers/BSP/Components/vl53l0x/vl53l0x_api_core.o
                0x0000000008003dd0                VL53L0X_calc_timeout_mclks
 .text.VL53L0X_calc_timeout_us
                0x0000000008003e24       0x54 ./Drivers/BSP/Components/vl53l0x/vl53l0x_api_core.o
                0x0000000008003e24                VL53L0X_calc_timeout_us
 .text.get_sequence_step_timeout
                0x0000000008003e78      0x1c2 ./Drivers/BSP/Components/vl53l0x/vl53l0x_api_core.o
                0x0000000008003e78                get_sequence_step_timeout
 .text.set_sequence_step_timeout
                0x000000000800403a      0x1e4 ./Drivers/BSP/Components/vl53l0x/vl53l0x_api_core.o
                0x000000000800403a                set_sequence_step_timeout
 .text.VL53L0X_set_vcsel_pulse_period
                0x000000000800421e      0x512 ./Drivers/BSP/Components/vl53l0x/vl53l0x_api_core.o
                0x000000000800421e                VL53L0X_set_vcsel_pulse_period
 .text.VL53L0X_get_vcsel_pulse_period
                0x0000000008004730       0x6e ./Drivers/BSP/Components/vl53l0x/vl53l0x_api_core.o
                0x0000000008004730                VL53L0X_get_vcsel_pulse_period
 .text.VL53L0X_set_measurement_timing_budget_micro_seconds
                0x000000000800479e      0x1c0 ./Drivers/BSP/Components/vl53l0x/vl53l0x_api_core.o
                0x000000000800479e                VL53L0X_set_measurement_timing_budget_micro_seconds
 .text.VL53L0X_get_measurement_timing_budget_micro_seconds
                0x000000000800495e      0x162 ./Drivers/BSP/Components/vl53l0x/vl53l0x_api_core.o
                0x000000000800495e                VL53L0X_get_measurement_timing_budget_micro_seconds
 .text.VL53L0X_load_tuning_settings
                0x0000000008004ac0      0x1c4 ./Drivers/BSP/Components/vl53l0x/vl53l0x_api_core.o
                0x0000000008004ac0                VL53L0X_load_tuning_settings
 .text.VL53L0X_get_total_xtalk_rate
                0x0000000008004c84       0x5e ./Drivers/BSP/Components/vl53l0x/vl53l0x_api_core.o
                0x0000000008004c84                VL53L0X_get_total_xtalk_rate
 .text.VL53L0X_get_total_signal_rate
                0x0000000008004ce2       0x4a ./Drivers/BSP/Components/vl53l0x/vl53l0x_api_core.o
                0x0000000008004ce2                VL53L0X_get_total_signal_rate
 .text.VL53L0X_calc_dmax
                0x0000000008004d2c      0x238 ./Drivers/BSP/Components/vl53l0x/vl53l0x_api_core.o
                0x0000000008004d2c                VL53L0X_calc_dmax
 .text.VL53L0X_calc_sigma_estimate
                0x0000000008004f64      0x498 ./Drivers/BSP/Components/vl53l0x/vl53l0x_api_core.o
                0x0000000008004f64                VL53L0X_calc_sigma_estimate
 .text.VL53L0X_get_pal_range_status
                0x00000000080053fc      0x3b6 ./Drivers/BSP/Components/vl53l0x/vl53l0x_api_core.o
                0x00000000080053fc                VL53L0X_get_pal_range_status
 .text._I2CWrite
                0x00000000080057b2       0x3e ./Drivers/BSP/NUCLEO-F411RE/vl53l0x_platform.o
                0x00000000080057b2                _I2CWrite
 .text._I2CRead
                0x00000000080057f0       0x44 ./Drivers/BSP/NUCLEO-F411RE/vl53l0x_platform.o
                0x00000000080057f0                _I2CRead
 .text.VL53L0X_WriteMulti
                0x0000000008005834       0x60 ./Drivers/BSP/NUCLEO-F411RE/vl53l0x_platform.o
                0x0000000008005834                VL53L0X_WriteMulti
 .text.VL53L0X_ReadMulti
                0x0000000008005894       0x56 ./Drivers/BSP/NUCLEO-F411RE/vl53l0x_platform.o
                0x0000000008005894                VL53L0X_ReadMulti
 *fill*         0x00000000080058ea        0x2 
 .text.VL53L0X_WrByte
                0x00000000080058ec       0x48 ./Drivers/BSP/NUCLEO-F411RE/vl53l0x_platform.o
                0x00000000080058ec                VL53L0X_WrByte
 .text.VL53L0X_WrWord
                0x0000000008005934       0x54 ./Drivers/BSP/NUCLEO-F411RE/vl53l0x_platform.o
                0x0000000008005934                VL53L0X_WrWord
 .text.VL53L0X_UpdateByte
                0x0000000008005988       0x68 ./Drivers/BSP/NUCLEO-F411RE/vl53l0x_platform.o
                0x0000000008005988                VL53L0X_UpdateByte
 .text.VL53L0X_RdByte
                0x00000000080059f0       0x54 ./Drivers/BSP/NUCLEO-F411RE/vl53l0x_platform.o
                0x00000000080059f0                VL53L0X_RdByte
 .text.VL53L0X_RdWord
                0x0000000008005a44       0x70 ./Drivers/BSP/NUCLEO-F411RE/vl53l0x_platform.o
                0x0000000008005a44                VL53L0X_RdWord
 .text.VL53L0X_RdDWord
                0x0000000008005ab4       0x78 ./Drivers/BSP/NUCLEO-F411RE/vl53l0x_platform.o
                0x0000000008005ab4                VL53L0X_RdDWord
 .text.VL53L0X_PollingDelay
                0x0000000008005b2c       0x1e ./Drivers/BSP/NUCLEO-F411RE/vl53l0x_platform.o
                0x0000000008005b2c                VL53L0X_PollingDelay
 *fill*         0x0000000008005b4a        0x2 
 .text.HandleError
                0x0000000008005b4c       0x28 ./Drivers/BSP/NUCLEO-F411RE/vl53l0x_platform.o
                0x0000000008005b4c                HandleError
 .text.VL53L0X_ResetId
                0x0000000008005b74       0x40 ./Drivers/BSP/NUCLEO-F411RE/vl53l0x_platform.o
                0x0000000008005b74                VL53L0X_ResetId
 .text.F411_SetDisplayString
                0x0000000008005bb4       0x30 ./Drivers/BSP/NUCLEO-F411RE/vl53l0x_platform.o
                0x0000000008005bb4                F411_SetDisplayString
 .text.DetectSensors
                0x0000000008005be4      0x148 ./Drivers/BSP/NUCLEO-F411RE/vl53l0x_platform.o
                0x0000000008005be4                DetectSensors
 .text.SetupSingleShot
                0x0000000008005d2c      0x238 ./Drivers/BSP/NUCLEO-F411RE/vl53l0x_platform.o
                0x0000000008005d2c                SetupSingleShot
 .text.ResetAndDetectSensor
                0x0000000008005f64       0x3c ./Drivers/BSP/NUCLEO-F411RE/vl53l0x_platform.o
                0x0000000008005f64                ResetAndDetectSensor
 .text.HAL_Init
                0x0000000008005fa0       0x44 ./Drivers/STM32F4xx_HAL_Driver/Src/stm32f4xx_hal.o
                0x0000000008005fa0                HAL_Init
 .text.HAL_InitTick
                0x0000000008005fe4       0x60 ./Drivers/STM32F4xx_HAL_Driver/Src/stm32f4xx_hal.o
                0x0000000008005fe4                HAL_InitTick
 .text.HAL_IncTick
                0x0000000008006044       0x28 ./Drivers/STM32F4xx_HAL_Driver/Src/stm32f4xx_hal.o
                0x0000000008006044                HAL_IncTick
 .text.HAL_GetTick
                0x000000000800606c       0x18 ./Drivers/STM32F4xx_HAL_Driver/Src/stm32f4xx_hal.o
                0x000000000800606c                HAL_GetTick
 .text.HAL_Delay
                0x0000000008006084       0x48 ./Drivers/STM32F4xx_HAL_Driver/Src/stm32f4xx_hal.o
                0x0000000008006084                HAL_Delay
 .text.__NVIC_SetPriorityGrouping
                0x00000000080060cc       0x48 ./Drivers/STM32F4xx_HAL_Driver/Src/stm32f4xx_hal_cortex.o
 .text.__NVIC_GetPriorityGrouping
                0x0000000008006114       0x1c ./Drivers/STM32F4xx_HAL_Driver/Src/stm32f4xx_hal_cortex.o
 .text.__NVIC_SetPriority
                0x0000000008006130       0x54 ./Drivers/STM32F4xx_HAL_Driver/Src/stm32f4xx_hal_cortex.o
 .text.NVIC_EncodePriority
                0x0000000008006184       0x66 ./Drivers/STM32F4xx_HAL_Driver/Src/stm32f4xx_hal_cortex.o
 *fill*         0x00000000080061ea        0x2 
 .text.SysTick_Config
                0x00000000080061ec       0x44 ./Drivers/STM32F4xx_HAL_Driver/Src/stm32f4xx_hal_cortex.o
 .text.HAL_NVIC_SetPriorityGrouping
                0x0000000008006230       0x16 ./Drivers/STM32F4xx_HAL_Driver/Src/stm32f4xx_hal_cortex.o
                0x0000000008006230                HAL_NVIC_SetPriorityGrouping
 .text.HAL_NVIC_SetPriority
                0x0000000008006246       0x38 ./Drivers/STM32F4xx_HAL_Driver/Src/stm32f4xx_hal_cortex.o
                0x0000000008006246                HAL_NVIC_SetPriority
 .text.HAL_SYSTICK_Config
                0x000000000800627e       0x18 ./Drivers/STM32F4xx_HAL_Driver/Src/stm32f4xx_hal_cortex.o
                0x000000000800627e                HAL_SYSTICK_Config
 *fill*         0x0000000008006296        0x2 
 .text.HAL_GPIO_Init
                0x0000000008006298      0x308 ./Drivers/STM32F4xx_HAL_Driver/Src/stm32f4xx_hal_gpio.o
                0x0000000008006298                HAL_GPIO_Init
 .text.HAL_GPIO_WritePin
                0x00000000080065a0       0x32 ./Drivers/STM32F4xx_HAL_Driver/Src/stm32f4xx_hal_gpio.o
                0x00000000080065a0                HAL_GPIO_WritePin
 *fill*         0x00000000080065d2        0x2 
 .text.HAL_I2C_Init
                0x00000000080065d4      0x288 ./Drivers/STM32F4xx_HAL_Driver/Src/stm32f4xx_hal_i2c.o
                0x00000000080065d4                HAL_I2C_Init
 .text.HAL_I2C_Master_Transmit
                0x000000000800685c      0x1fc ./Drivers/STM32F4xx_HAL_Driver/Src/stm32f4xx_hal_i2c.o
                0x000000000800685c                HAL_I2C_Master_Transmit
 .text.HAL_I2C_Master_Receive
                0x0000000008006a58      0x44c ./Drivers/STM32F4xx_HAL_Driver/Src/stm32f4xx_hal_i2c.o
                0x0000000008006a58                HAL_I2C_Master_Receive
 .text.I2C_MasterRequestWrite
                0x0000000008006ea4      0x104 ./Drivers/STM32F4xx_HAL_Driver/Src/stm32f4xx_hal_i2c.o
 .text.I2C_MasterRequestRead
                0x0000000008006fa8      0x19c ./Drivers/STM32F4xx_HAL_Driver/Src/stm32f4xx_hal_i2c.o
 .text.I2C_WaitOnFlagUntilTimeout
                0x0000000008007144       0xae ./Drivers/STM32F4xx_HAL_Driver/Src/stm32f4xx_hal_i2c.o
 .text.I2C_WaitOnMasterAddressFlagUntilTimeout
                0x00000000080071f2       0xfe ./Drivers/STM32F4xx_HAL_Driver/Src/stm32f4xx_hal_i2c.o
 .text.I2C_WaitOnTXEFlagUntilTimeout
                0x00000000080072f0       0x82 ./Drivers/STM32F4xx_HAL_Driver/Src/stm32f4xx_hal_i2c.o
 .text.I2C_WaitOnBTFFlagUntilTimeout
                0x0000000008007372       0x82 ./Drivers/STM32F4xx_HAL_Driver/Src/stm32f4xx_hal_i2c.o
 .text.I2C_WaitOnRXNEFlagUntilTimeout
                0x00000000080073f4       0xac ./Drivers/STM32F4xx_HAL_Driver/Src/stm32f4xx_hal_i2c.o
 .text.I2C_IsAcknowledgeFailed
                0x00000000080074a0       0x5e ./Drivers/STM32F4xx_HAL_Driver/Src/stm32f4xx_hal_i2c.o
 *fill*         0x00000000080074fe        0x2 
 .text.HAL_RCC_OscConfig
                0x0000000008007500      0x4f0 ./Drivers/STM32F4xx_HAL_Driver/Src/stm32f4xx_hal_rcc.o
                0x0000000008007500                HAL_RCC_OscConfig
 .text.HAL_RCC_ClockConfig
                0x00000000080079f0      0x1cc ./Drivers/STM32F4xx_HAL_Driver/Src/stm32f4xx_hal_rcc.o
                0x00000000080079f0                HAL_RCC_ClockConfig
 .text.HAL_RCC_GetSysClockFreq
                0x0000000008007bbc      0x1c4 ./Drivers/STM32F4xx_HAL_Driver/Src/stm32f4xx_hal_rcc.o
                0x0000000008007bbc                HAL_RCC_GetSysClockFreq
 .text.HAL_RCC_GetHCLKFreq
                0x0000000008007d80       0x18 ./Drivers/STM32F4xx_HAL_Driver/Src/stm32f4xx_hal_rcc.o
                0x0000000008007d80                HAL_RCC_GetHCLKFreq
 .text.HAL_RCC_GetPCLK1Freq
                0x0000000008007d98       0x28 ./Drivers/STM32F4xx_HAL_Driver/Src/stm32f4xx_hal_rcc.o
                0x0000000008007d98                HAL_RCC_GetPCLK1Freq
 .text.HAL_RCC_GetPCLK2Freq
                0x0000000008007dc0       0x28 ./Drivers/STM32F4xx_HAL_Driver/Src/stm32f4xx_hal_rcc.o
                0x0000000008007dc0                HAL_RCC_GetPCLK2Freq
 .text.HAL_UART_Init
                0x0000000008007de8       0x9a ./Drivers/STM32F4xx_HAL_Driver/Src/stm32f4xx_hal_uart.o
                0x0000000008007de8                HAL_UART_Init
 .text.HAL_UART_Transmit
                0x0000000008007e82      0x124 ./Drivers/STM32F4xx_HAL_Driver/Src/stm32f4xx_hal_uart.o
                0x0000000008007e82                HAL_UART_Transmit
 .text.UART_WaitOnFlagUntilTimeout
                0x0000000008007fa6       0xdc ./Drivers/STM32F4xx_HAL_Driver/Src/stm32f4xx_hal_uart.o
 *fill*         0x0000000008008082        0x2 
 .text.UART_SetConfig
                0x0000000008008084      0x390 ./Drivers/STM32F4xx_HAL_Driver/Src/stm32f4xx_hal_uart.o
 .text.__errno  0x0000000008008414        0xc c:/st/stm32cubeide_1.8.0/stm32cubeide/plugins/com.st.stm32cube.ide.mcu.externaltools.gnu-tools-for-stm32.9-2020-q2-update.win32_2.0.0.202105311346/tools/bin/../lib/gcc/arm-none-eabi/9.3.1/../../../../arm-none-eabi/lib/thumb/v7e-m+fp/hard\libc_nano.a(lib_a-errno.o)
                0x0000000008008414                __errno
 .text.__libc_init_array
                0x0000000008008420       0x48 c:/st/stm32cubeide_1.8.0/stm32cubeide/plugins/com.st.stm32cube.ide.mcu.externaltools.gnu-tools-for-stm32.9-2020-q2-update.win32_2.0.0.202105311346/tools/bin/../lib/gcc/arm-none-eabi/9.3.1/../../../../arm-none-eabi/lib/thumb/v7e-m+fp/hard\libc_nano.a(lib_a-init.o)
                0x0000000008008420                __libc_init_array
 .text.memcpy   0x0000000008008468       0x1c c:/st/stm32cubeide_1.8.0/stm32cubeide/plugins/com.st.stm32cube.ide.mcu.externaltools.gnu-tools-for-stm32.9-2020-q2-update.win32_2.0.0.202105311346/tools/bin/../lib/gcc/arm-none-eabi/9.3.1/../../../../arm-none-eabi/lib/thumb/v7e-m+fp/hard\libc_nano.a(lib_a-memcpy-stub.o)
                0x0000000008008468                memcpy
 .text.memset   0x0000000008008484       0x10 c:/st/stm32cubeide_1.8.0/stm32cubeide/plugins/com.st.stm32cube.ide.mcu.externaltools.gnu-tools-for-stm32.9-2020-q2-update.win32_2.0.0.202105311346/tools/bin/../lib/gcc/arm-none-eabi/9.3.1/../../../../arm-none-eabi/lib/thumb/v7e-m+fp/hard\libc_nano.a(lib_a-memset.o)
                0x0000000008008484                memset
 .text.sprintf  0x0000000008008494       0x40 c:/st/stm32cubeide_1.8.0/stm32cubeide/plugins/com.st.stm32cube.ide.mcu.externaltools.gnu-tools-for-stm32.9-2020-q2-update.win32_2.0.0.202105311346/tools/bin/../lib/gcc/arm-none-eabi/9.3.1/../../../../arm-none-eabi/lib/thumb/v7e-m+fp/hard\libc_nano.a(lib_a-sprintf.o)
                0x0000000008008494                siprintf
                0x0000000008008494                sprintf
 .text.strcpy   0x00000000080084d4       0x10 c:/st/stm32cubeide_1.8.0/stm32cubeide/plugins/com.st.stm32cube.ide.mcu.externaltools.gnu-tools-for-stm32.9-2020-q2-update.win32_2.0.0.202105311346/tools/bin/../lib/gcc/arm-none-eabi/9.3.1/../../../../arm-none-eabi/lib/thumb/v7e-m+fp/hard\libc_nano.a(lib_a-strcpy.o)
                0x00000000080084d4                strcpy
 .text.__ssputs_r
                0x00000000080084e4       0xb6 c:/st/stm32cubeide_1.8.0/stm32cubeide/plugins/com.st.stm32cube.ide.mcu.externaltools.gnu-tools-for-stm32.9-2020-q2-update.win32_2.0.0.202105311346/tools/bin/../lib/gcc/arm-none-eabi/9.3.1/../../../../arm-none-eabi/lib/thumb/v7e-m+fp/hard\libc_nano.a(lib_a-nano-svfprintf.o)
                0x00000000080084e4                __ssputs_r
 *fill*         0x000000000800859a        0x2 
 .text._svfprintf_r
                0x000000000800859c      0x200 c:/st/stm32cubeide_1.8.0/stm32cubeide/plugins/com.st.stm32cube.ide.mcu.externaltools.gnu-tools-for-stm32.9-2020-q2-update.win32_2.0.0.202105311346/tools/bin/../lib/gcc/arm-none-eabi/9.3.1/../../../../arm-none-eabi/lib/thumb/v7e-m+fp/hard\libc_nano.a(lib_a-nano-svfprintf.o)
                0x000000000800859c                _svfiprintf_r
                0x000000000800859c                _svfprintf_r
 .text._printf_common
                0x000000000800879c       0xda c:/st/stm32cubeide_1.8.0/stm32cubeide/plugins/com.st.stm32cube.ide.mcu.externaltools.gnu-tools-for-stm32.9-2020-q2-update.win32_2.0.0.202105311346/tools/bin/../lib/gcc/arm-none-eabi/9.3.1/../../../../arm-none-eabi/lib/thumb/v7e-m+fp/hard\libc_nano.a(lib_a-nano-vfprintf_i.o)
                0x000000000800879c                _printf_common
 *fill*         0x0000000008008876        0x2 
 .text._printf_i
                0x0000000008008878      0x24c c:/st/stm32cubeide_1.8.0/stm32cubeide/plugins/com.st.stm32cube.ide.mcu.externaltools.gnu-tools-for-stm32.9-2020-q2-update.win32_2.0.0.202105311346/tools/bin/../lib/gcc/arm-none-eabi/9.3.1/../../../../arm-none-eabi/lib/thumb/v7e-m+fp/hard\libc_nano.a(lib_a-nano-vfprintf_i.o)
                0x0000000008008878                _printf_i
 .text.memmove  0x0000000008008ac4       0x34 c:/st/stm32cubeide_1.8.0/stm32cubeide/plugins/com.st.stm32cube.ide.mcu.externaltools.gnu-tools-for-stm32.9-2020-q2-update.win32_2.0.0.202105311346/tools/bin/../lib/gcc/arm-none-eabi/9.3.1/../../../../arm-none-eabi/lib/thumb/v7e-m+fp/hard\libc_nano.a(lib_a-memmove.o)
                0x0000000008008ac4                memmove
 .text._free_r  0x0000000008008af8       0xa0 c:/st/stm32cubeide_1.8.0/stm32cubeide/plugins/com.st.stm32cube.ide.mcu.externaltools.gnu-tools-for-stm32.9-2020-q2-update.win32_2.0.0.202105311346/tools/bin/../lib/gcc/arm-none-eabi/9.3.1/../../../../arm-none-eabi/lib/thumb/v7e-m+fp/hard\libc_nano.a(lib_a-nano-freer.o)
                0x0000000008008af8                _free_r
 .text._malloc_r
                0x0000000008008b98       0xb4 c:/st/stm32cubeide_1.8.0/stm32cubeide/plugins/com.st.stm32cube.ide.mcu.externaltools.gnu-tools-for-stm32.9-2020-q2-update.win32_2.0.0.202105311346/tools/bin/../lib/gcc/arm-none-eabi/9.3.1/../../../../arm-none-eabi/lib/thumb/v7e-m+fp/hard\libc_nano.a(lib_a-nano-mallocr.o)
                0x0000000008008b98                _malloc_r
 .text._realloc_r
                0x0000000008008c4c       0x4c c:/st/stm32cubeide_1.8.0/stm32cubeide/plugins/com.st.stm32cube.ide.mcu.externaltools.gnu-tools-for-stm32.9-2020-q2-update.win32_2.0.0.202105311346/tools/bin/../lib/gcc/arm-none-eabi/9.3.1/../../../../arm-none-eabi/lib/thumb/v7e-m+fp/hard\libc_nano.a(lib_a-nano-reallocr.o)
                0x0000000008008c4c                _realloc_r
 .text._sbrk_r  0x0000000008008c98       0x20 c:/st/stm32cubeide_1.8.0/stm32cubeide/plugins/com.st.stm32cube.ide.mcu.externaltools.gnu-tools-for-stm32.9-2020-q2-update.win32_2.0.0.202105311346/tools/bin/../lib/gcc/arm-none-eabi/9.3.1/../../../../arm-none-eabi/lib/thumb/v7e-m+fp/hard\libc_nano.a(lib_a-sbrkr.o)
                0x0000000008008c98                _sbrk_r
 .text.__malloc_lock
                0x0000000008008cb8        0xc c:/st/stm32cubeide_1.8.0/stm32cubeide/plugins/com.st.stm32cube.ide.mcu.externaltools.gnu-tools-for-stm32.9-2020-q2-update.win32_2.0.0.202105311346/tools/bin/../lib/gcc/arm-none-eabi/9.3.1/../../../../arm-none-eabi/lib/thumb/v7e-m+fp/hard\libc_nano.a(lib_a-mlock.o)
                0x0000000008008cb8                __malloc_lock
 .text.__malloc_unlock
                0x0000000008008cc4        0xc c:/st/stm32cubeide_1.8.0/stm32cubeide/plugins/com.st.stm32cube.ide.mcu.externaltools.gnu-tools-for-stm32.9-2020-q2-update.win32_2.0.0.202105311346/tools/bin/../lib/gcc/arm-none-eabi/9.3.1/../../../../arm-none-eabi/lib/thumb/v7e-m+fp/hard\libc_nano.a(lib_a-mlock.o)
                0x0000000008008cc4                __malloc_unlock
 .text._malloc_usable_size_r
                0x0000000008008cd0       0x10 c:/st/stm32cubeide_1.8.0/stm32cubeide/plugins/com.st.stm32cube.ide.mcu.externaltools.gnu-tools-for-stm32.9-2020-q2-update.win32_2.0.0.202105311346/tools/bin/../lib/gcc/arm-none-eabi/9.3.1/../../../../arm-none-eabi/lib/thumb/v7e-m+fp/hard\libc_nano.a(lib_a-nano-msizer.o)
                0x0000000008008cd0                _malloc_usable_size_r
 .text.__retarget_lock_acquire_recursive
                0x0000000008008ce0        0x2 c:/st/stm32cubeide_1.8.0/stm32cubeide/plugins/com.st.stm32cube.ide.mcu.externaltools.gnu-tools-for-stm32.9-2020-q2-update.win32_2.0.0.202105311346/tools/bin/../lib/gcc/arm-none-eabi/9.3.1/../../../../arm-none-eabi/lib/thumb/v7e-m+fp/hard\libc_nano.a(lib_a-lock.o)
                0x0000000008008ce0                __retarget_lock_acquire_recursive
 .text.__retarget_lock_release_recursive
                0x0000000008008ce2        0x2 c:/st/stm32cubeide_1.8.0/stm32cubeide/plugins/com.st.stm32cube.ide.mcu.externaltools.gnu-tools-for-stm32.9-2020-q2-update.win32_2.0.0.202105311346/tools/bin/../lib/gcc/arm-none-eabi/9.3.1/../../../../arm-none-eabi/lib/thumb/v7e-m+fp/hard\libc_nano.a(lib_a-lock.o)
                0x0000000008008ce2                __retarget_lock_release_recursive
 *(.glue_7)
 .glue_7        0x0000000008008ce4        0x0 linker stubs
 *(.glue_7t)
 .glue_7t       0x0000000008008ce4        0x0 linker stubs
 *(.eh_frame)
 .eh_frame      0x0000000008008ce4        0x0 c:/st/stm32cubeide_1.8.0/stm32cubeide/plugins/com.st.stm32cube.ide.mcu.externaltools.gnu-tools-for-stm32.9-2020-q2-update.win32_2.0.0.202105311346/tools/bin/../lib/gcc/arm-none-eabi/9.3.1/thumb/v7e-m+fp/hard/crtbegin.o
 *(.init)
 .init          0x0000000008008ce4        0x4 c:/st/stm32cubeide_1.8.0/stm32cubeide/plugins/com.st.stm32cube.ide.mcu.externaltools.gnu-tools-for-stm32.9-2020-q2-update.win32_2.0.0.202105311346/tools/bin/../lib/gcc/arm-none-eabi/9.3.1/thumb/v7e-m+fp/hard/crti.o
                0x0000000008008ce4                _init
 .init          0x0000000008008ce8        0x8 c:/st/stm32cubeide_1.8.0/stm32cubeide/plugins/com.st.stm32cube.ide.mcu.externaltools.gnu-tools-for-stm32.9-2020-q2-update.win32_2.0.0.202105311346/tools/bin/../lib/gcc/arm-none-eabi/9.3.1/thumb/v7e-m+fp/hard/crtn.o
 *(.fini)
 .fini          0x0000000008008cf0        0x4 c:/st/stm32cubeide_1.8.0/stm32cubeide/plugins/com.st.stm32cube.ide.mcu.externaltools.gnu-tools-for-stm32.9-2020-q2-update.win32_2.0.0.202105311346/tools/bin/../lib/gcc/arm-none-eabi/9.3.1/thumb/v7e-m+fp/hard/crti.o
                0x0000000008008cf0                _fini
 .fini          0x0000000008008cf4        0x8 c:/st/stm32cubeide_1.8.0/stm32cubeide/plugins/com.st.stm32cube.ide.mcu.externaltools.gnu-tools-for-stm32.9-2020-q2-update.win32_2.0.0.202105311346/tools/bin/../lib/gcc/arm-none-eabi/9.3.1/thumb/v7e-m+fp/hard/crtn.o
                0x0000000008008cfc                . = ALIGN (0x4)
                0x0000000008008cfc                _etext = .

.vfp11_veneer   0x0000000008008cfc        0x0
 .vfp11_veneer  0x0000000008008cfc        0x0 linker stubs

.v4_bx          0x0000000008008cfc        0x0
 .v4_bx         0x0000000008008cfc        0x0 linker stubs

.iplt           0x0000000008008cfc        0x0
 .iplt          0x0000000008008cfc        0x0 c:/st/stm32cubeide_1.8.0/stm32cubeide/plugins/com.st.stm32cube.ide.mcu.externaltools.gnu-tools-for-stm32.9-2020-q2-update.win32_2.0.0.202105311346/tools/bin/../lib/gcc/arm-none-eabi/9.3.1/thumb/v7e-m+fp/hard/crtbegin.o

.rodata         0x0000000008008cfc       0x70
                0x0000000008008cfc                . = ALIGN (0x4)
 *(.rodata)
 .rodata        0x0000000008008cfc        0x6 ./Core/Src/main.o
 *fill*         0x0000000008008d02        0x2 
 .rodata        0x0000000008008d04       0x1c ./Drivers/BSP/NUCLEO-F411RE/vl53l0x_platform.o
 *(.rodata*)
 .rodata.AHBPrescTable
                0x0000000008008d20       0x10 ./Core/Src/system_stm32f4xx.o
                0x0000000008008d20                AHBPrescTable
 .rodata.APBPrescTable
                0x0000000008008d30        0x8 ./Core/Src/system_stm32f4xx.o
                0x0000000008008d30                APBPrescTable
 .rodata._svfprintf_r.str1.1
                0x0000000008008d38       0x11 c:/st/stm32cubeide_1.8.0/stm32cubeide/plugins/com.st.stm32cube.ide.mcu.externaltools.gnu-tools-for-stm32.9-2020-q2-update.win32_2.0.0.202105311346/tools/bin/../lib/gcc/arm-none-eabi/9.3.1/../../../../arm-none-eabi/lib/thumb/v7e-m+fp/hard\libc_nano.a(lib_a-nano-svfprintf.o)
 .rodata._printf_i.str1.1
                0x0000000008008d49       0x22 c:/st/stm32cubeide_1.8.0/stm32cubeide/plugins/com.st.stm32cube.ide.mcu.externaltools.gnu-tools-for-stm32.9-2020-q2-update.win32_2.0.0.202105311346/tools/bin/../lib/gcc/arm-none-eabi/9.3.1/../../../../arm-none-eabi/lib/thumb/v7e-m+fp/hard\libc_nano.a(lib_a-nano-vfprintf_i.o)
                0x0000000008008d6c                . = ALIGN (0x4)
 *fill*         0x0000000008008d6b        0x1 

.ARM.extab      0x0000000008008d6c        0x0
                0x0000000008008d6c                . = ALIGN (0x4)
 *(.ARM.extab* .gnu.linkonce.armextab.*)
                0x0000000008008d6c                . = ALIGN (0x4)

.ARM            0x0000000008008d6c        0x8
                0x0000000008008d6c                . = ALIGN (0x4)
                0x0000000008008d6c                __exidx_start = .
 *(.ARM.exidx*)
 .ARM.exidx     0x0000000008008d6c        0x8 c:/st/stm32cubeide_1.8.0/stm32cubeide/plugins/com.st.stm32cube.ide.mcu.externaltools.gnu-tools-for-stm32.9-2020-q2-update.win32_2.0.0.202105311346/tools/bin/../lib/gcc/arm-none-eabi/9.3.1/thumb/v7e-m+fp/hard\libgcc.a(_udivmoddi4.o)
                0x0000000008008d74                __exidx_end = .
                0x0000000008008d74                . = ALIGN (0x4)

.rel.dyn        0x0000000008008d74        0x0
 .rel.iplt      0x0000000008008d74        0x0 c:/st/stm32cubeide_1.8.0/stm32cubeide/plugins/com.st.stm32cube.ide.mcu.externaltools.gnu-tools-for-stm32.9-2020-q2-update.win32_2.0.0.202105311346/tools/bin/../lib/gcc/arm-none-eabi/9.3.1/thumb/v7e-m+fp/hard/crtbegin.o

.preinit_array  0x0000000008008d74        0x0
                0x0000000008008d74                . = ALIGN (0x4)
                0x0000000008008d74                PROVIDE (__preinit_array_start = .)
 *(.preinit_array*)
                0x0000000008008d74                PROVIDE (__preinit_array_end = .)
                0x0000000008008d74                . = ALIGN (0x4)

.init_array     0x0000000008008d74        0x4
                0x0000000008008d74                . = ALIGN (0x4)
                0x0000000008008d74                PROVIDE (__init_array_start = .)
 *(SORT_BY_NAME(.init_array.*))
 *(.init_array*)
 .init_array    0x0000000008008d74        0x4 c:/st/stm32cubeide_1.8.0/stm32cubeide/plugins/com.st.stm32cube.ide.mcu.externaltools.gnu-tools-for-stm32.9-2020-q2-update.win32_2.0.0.202105311346/tools/bin/../lib/gcc/arm-none-eabi/9.3.1/thumb/v7e-m+fp/hard/crtbegin.o
                0x0000000008008d78                PROVIDE (__init_array_end = .)
                0x0000000008008d78                . = ALIGN (0x4)

.fini_array     0x0000000008008d78        0x4
                0x0000000008008d78                . = ALIGN (0x4)
                [!provide]                        PROVIDE (__fini_array_start = .)
 *(SORT_BY_NAME(.fini_array.*))
 *(.fini_array*)
 .fini_array    0x0000000008008d78        0x4 c:/st/stm32cubeide_1.8.0/stm32cubeide/plugins/com.st.stm32cube.ide.mcu.externaltools.gnu-tools-for-stm32.9-2020-q2-update.win32_2.0.0.202105311346/tools/bin/../lib/gcc/arm-none-eabi/9.3.1/thumb/v7e-m+fp/hard/crtbegin.o
                [!provide]                        PROVIDE (__fini_array_end = .)
                0x0000000008008d7c                . = ALIGN (0x4)
                0x0000000008008d7c                _sidata = LOADADDR (.data)

.data           0x0000000020000000      0x4bc load address 0x0000000008008d7c
                0x0000000020000000                . = ALIGN (0x4)
                0x0000000020000000                _sdata = .
 *(.data)
 *(.data*)
 .data.SystemCoreClock
                0x0000000020000000        0x4 ./Core/Src/system_stm32f4xx.o
                0x0000000020000000                SystemCoreClock
 .data.DefaultTuningSettings
                0x0000000020000004       0xf3 ./Drivers/BSP/Components/vl53l0x/vl53l0x_api.o
                0x0000000020000004                DefaultTuningSettings
 *fill*         0x00000000200000f7        0x1 
 .data.InterruptThresholdSettings
                0x00000000200000f8      0x1b6 ./Drivers/BSP/Components/vl53l0x/vl53l0x_api.o
                0x00000000200000f8                InterruptThresholdSettings
 *fill*         0x00000000200002ae        0x2 
 .data.refArrayQuadrants
                0x00000000200002b0       0x10 ./Drivers/BSP/Components/vl53l0x/vl53l0x_api_calibration.o
                0x00000000200002b0                refArrayQuadrants
 .data.VL53L0XDevs
                0x00000000200002c0      0x190 ./Drivers/BSP/NUCLEO-F411RE/vl53l0x_platform.o
                0x00000000200002c0                VL53L0XDevs
 .data.uwTickPrio
                0x0000000020000450        0x4 ./Drivers/STM32F4xx_HAL_Driver/Src/stm32f4xx_hal.o
                0x0000000020000450                uwTickPrio
 .data.uwTickFreq
                0x0000000020000454        0x1 ./Drivers/STM32F4xx_HAL_Driver/Src/stm32f4xx_hal.o
                0x0000000020000454                uwTickFreq
 *fill*         0x0000000020000455        0x3 
 .data._impure_ptr
                0x0000000020000458        0x4 c:/st/stm32cubeide_1.8.0/stm32cubeide/plugins/com.st.stm32cube.ide.mcu.externaltools.gnu-tools-for-stm32.9-2020-q2-update.win32_2.0.0.202105311346/tools/bin/../lib/gcc/arm-none-eabi/9.3.1/../../../../arm-none-eabi/lib/thumb/v7e-m+fp/hard\libc_nano.a(lib_a-impure.o)
                0x0000000020000458                _impure_ptr
 .data.impure_data
                0x000000002000045c       0x60 c:/st/stm32cubeide_1.8.0/stm32cubeide/plugins/com.st.stm32cube.ide.mcu.externaltools.gnu-tools-for-stm32.9-2020-q2-update.win32_2.0.0.202105311346/tools/bin/../lib/gcc/arm-none-eabi/9.3.1/../../../../arm-none-eabi/lib/thumb/v7e-m+fp/hard\libc_nano.a(lib_a-impure.o)
 *(.RamFunc)
 *(.RamFunc*)
                0x00000000200004bc                . = ALIGN (0x4)
                0x00000000200004bc                _edata = .

.igot.plt       0x00000000200004bc        0x0 load address 0x0000000008009238
 .igot.plt      0x00000000200004bc        0x0 c:/st/stm32cubeide_1.8.0/stm32cubeide/plugins/com.st.stm32cube.ide.mcu.externaltools.gnu-tools-for-stm32.9-2020-q2-update.win32_2.0.0.202105311346/tools/bin/../lib/gcc/arm-none-eabi/9.3.1/thumb/v7e-m+fp/hard/crtbegin.o
                0x00000000200004bc                . = ALIGN (0x4)

.bss            0x00000000200004bc      0x198 load address 0x0000000008009238
                0x00000000200004bc                _sbss = .
                0x00000000200004bc                __bss_start__ = _sbss
 *(.bss)
 .bss           0x00000000200004bc       0x1c c:/st/stm32cubeide_1.8.0/stm32cubeide/plugins/com.st.stm32cube.ide.mcu.externaltools.gnu-tools-for-stm32.9-2020-q2-update.win32_2.0.0.202105311346/tools/bin/../lib/gcc/arm-none-eabi/9.3.1/thumb/v7e-m+fp/hard/crtbegin.o
 *(.bss*)
 .bss.status    0x00000000200004d8        0x4 ./Core/Src/main.o
                0x00000000200004d8                status
 .bss.position_courante
                0x00000000200004dc        0x2 ./Core/Src/main.o
                0x00000000200004dc                position_courante
 *fill*         0x00000000200004de        0x2 
 .bss.__sbrk_heap_end
                0x00000000200004e0        0x4 ./Core/Src/sysmem.o
 .bss.nDevPresent
                0x00000000200004e4        0x4 ./Drivers/BSP/NUCLEO-F411RE/vl53l0x_platform.o
                0x00000000200004e4                nDevPresent
 .bss.__malloc_free_list
                0x00000000200004e8        0x4 c:/st/stm32cubeide_1.8.0/stm32cubeide/plugins/com.st.stm32cube.ide.mcu.externaltools.gnu-tools-for-stm32.9-2020-q2-update.win32_2.0.0.202105311346/tools/bin/../lib/gcc/arm-none-eabi/9.3.1/../../../../arm-none-eabi/lib/thumb/v7e-m+fp/hard\libc_nano.a(lib_a-nano-mallocr.o)
                0x00000000200004e8                __malloc_free_list
 .bss.__malloc_sbrk_start
                0x00000000200004ec        0x4 c:/st/stm32cubeide_1.8.0/stm32cubeide/plugins/com.st.stm32cube.ide.mcu.externaltools.gnu-tools-for-stm32.9-2020-q2-update.win32_2.0.0.202105311346/tools/bin/../lib/gcc/arm-none-eabi/9.3.1/../../../../arm-none-eabi/lib/thumb/v7e-m+fp/hard\libc_nano.a(lib_a-nano-mallocr.o)
                0x00000000200004ec                __malloc_sbrk_start
 *(COMMON)
 COMMON         0x00000000200004f0       0x9c ./Core/Src/main.o
                0x00000000200004f0                msg3
                0x00000000200004f4                hi2c1
                0x0000000020000548                huart2
 COMMON         0x000000002000058c       0xb4 ./Drivers/BSP/NUCLEO-F411RE/vl53l0x_platform.o
                0x000000002000058c                nDevMask
                0x0000000020000590                _I2CBuffer
                0x00000000200005d0                XNUCLEO53L0A1_hi2c
                0x0000000020000624                RangingMeasurementData
 COMMON         0x0000000020000640        0x4 ./Drivers/STM32F4xx_HAL_Driver/Src/stm32f4xx_hal.o
                0x0000000020000640                uwTick
 COMMON         0x0000000020000644        0x4 c:/st/stm32cubeide_1.8.0/stm32cubeide/plugins/com.st.stm32cube.ide.mcu.externaltools.gnu-tools-for-stm32.9-2020-q2-update.win32_2.0.0.202105311346/tools/bin/../lib/gcc/arm-none-eabi/9.3.1/../../../../arm-none-eabi/lib/thumb/v7e-m+fp/hard\libc_nano.a(lib_a-reent.o)
                0x0000000020000644                errno
 COMMON         0x0000000020000648        0x9 c:/st/stm32cubeide_1.8.0/stm32cubeide/plugins/com.st.stm32cube.ide.mcu.externaltools.gnu-tools-for-stm32.9-2020-q2-update.win32_2.0.0.202105311346/tools/bin/../lib/gcc/arm-none-eabi/9.3.1/../../../../arm-none-eabi/lib/thumb/v7e-m+fp/hard\libc_nano.a(lib_a-lock.o)
                0x0000000020000648                __lock___atexit_recursive_mutex
                0x0000000020000649                __lock___arc4random_mutex
                0x000000002000064a                __lock___env_recursive_mutex
                0x000000002000064b                __lock___sinit_recursive_mutex
                0x000000002000064c                __lock___malloc_recursive_mutex
                0x000000002000064d                __lock___at_quick_exit_mutex
                0x000000002000064e                __lock___dd_hash_mutex
                0x000000002000064f                __lock___tz_mutex
                0x0000000020000650                __lock___sfp_recursive_mutex
                0x0000000020000654                . = ALIGN (0x4)
 *fill*         0x0000000020000651        0x3 
                0x0000000020000654                _ebss = .
                0x0000000020000654                __bss_end__ = _ebss

._user_heap_stack
                0x0000000020000654      0x604 load address 0x0000000008009238
                0x0000000020000658                . = ALIGN (0x8)
 *fill*         0x0000000020000654        0x4 
                [!provide]                        PROVIDE (end = .)
                0x0000000020000658                PROVIDE (_end = .)
                0x0000000020000858                . = (. + _Min_Heap_Size)
 *fill*         0x0000000020000658      0x200 
                0x0000000020000c58                . = (. + _Min_Stack_Size)
 *fill*         0x0000000020000858      0x400 
                0x0000000020000c58                . = ALIGN (0x8)

/DISCARD/
 libc.a(*)
 libm.a(*)
 libgcc.a(*)

.ARM.attributes
                0x0000000000000000       0x30
 *(.ARM.attributes)
 .ARM.attributes
                0x0000000000000000       0x1e c:/st/stm32cubeide_1.8.0/stm32cubeide/plugins/com.st.stm32cube.ide.mcu.externaltools.gnu-tools-for-stm32.9-2020-q2-update.win32_2.0.0.202105311346/tools/bin/../lib/gcc/arm-none-eabi/9.3.1/thumb/v7e-m+fp/hard/crti.o
 .ARM.attributes
                0x000000000000001e       0x34 c:/st/stm32cubeide_1.8.0/stm32cubeide/plugins/com.st.stm32cube.ide.mcu.externaltools.gnu-tools-for-stm32.9-2020-q2-update.win32_2.0.0.202105311346/tools/bin/../lib/gcc/arm-none-eabi/9.3.1/thumb/v7e-m+fp/hard/crtbegin.o
 .ARM.attributes
                0x0000000000000052       0x34 ./Core/Src/main.o
 .ARM.attributes
                0x0000000000000086       0x34 ./Core/Src/stm32f4xx_hal_msp.o
 .ARM.attributes
                0x00000000000000ba       0x34 ./Core/Src/stm32f4xx_it.o
 .ARM.attributes
                0x00000000000000ee       0x34 ./Core/Src/sysmem.o
 .ARM.attributes
                0x0000000000000122       0x34 ./Core/Src/system_stm32f4xx.o
 .ARM.attributes
                0x0000000000000156       0x21 ./Core/Startup/startup_stm32f411retx.o
 .ARM.attributes
                0x0000000000000177       0x34 ./Drivers/BSP/Components/vl53l0x/vl53l0x_api.o
 .ARM.attributes
                0x00000000000001ab       0x34 ./Drivers/BSP/Components/vl53l0x/vl53l0x_api_calibration.o
 .ARM.attributes
                0x00000000000001df       0x34 ./Drivers/BSP/Components/vl53l0x/vl53l0x_api_core.o
 .ARM.attributes
                0x0000000000000213       0x34 ./Drivers/BSP/NUCLEO-F411RE/vl53l0x_platform.o
 .ARM.attributes
                0x0000000000000247       0x34 ./Drivers/STM32F4xx_HAL_Driver/Src/stm32f4xx_hal.o
 .ARM.attributes
                0x000000000000027b       0x34 ./Drivers/STM32F4xx_HAL_Driver/Src/stm32f4xx_hal_cortex.o
 .ARM.attributes
                0x00000000000002af       0x34 ./Drivers/STM32F4xx_HAL_Driver/Src/stm32f4xx_hal_gpio.o
 .ARM.attributes
                0x00000000000002e3       0x34 ./Drivers/STM32F4xx_HAL_Driver/Src/stm32f4xx_hal_i2c.o
 .ARM.attributes
                0x0000000000000317       0x34 ./Drivers/STM32F4xx_HAL_Driver/Src/stm32f4xx_hal_rcc.o
 .ARM.attributes
                0x000000000000034b       0x34 ./Drivers/STM32F4xx_HAL_Driver/Src/stm32f4xx_hal_uart.o
 .ARM.attributes
                0x000000000000037f       0x34 c:/st/stm32cubeide_1.8.0/stm32cubeide/plugins/com.st.stm32cube.ide.mcu.externaltools.gnu-tools-for-stm32.9-2020-q2-update.win32_2.0.0.202105311346/tools/bin/../lib/gcc/arm-none-eabi/9.3.1/../../../../arm-none-eabi/lib/thumb/v7e-m+fp/hard\libc_nano.a(lib_a-errno.o)
 .ARM.attributes
                0x00000000000003b3       0x32 c:/st/stm32cubeide_1.8.0/stm32cubeide/plugins/com.st.stm32cube.ide.mcu.externaltools.gnu-tools-for-stm32.9-2020-q2-update.win32_2.0.0.202105311346/tools/bin/../lib/gcc/arm-none-eabi/9.3.1/../../../../arm-none-eabi/lib/thumb/v7e-m+fp/hard\libc_nano.a(lib_a-impure.o)
 .ARM.attributes
                0x00000000000003e5       0x34 c:/st/stm32cubeide_1.8.0/stm32cubeide/plugins/com.st.stm32cube.ide.mcu.externaltools.gnu-tools-for-stm32.9-2020-q2-update.win32_2.0.0.202105311346/tools/bin/../lib/gcc/arm-none-eabi/9.3.1/../../../../arm-none-eabi/lib/thumb/v7e-m+fp/hard\libc_nano.a(lib_a-init.o)
 .ARM.attributes
                0x0000000000000419       0x34 c:/st/stm32cubeide_1.8.0/stm32cubeide/plugins/com.st.stm32cube.ide.mcu.externaltools.gnu-tools-for-stm32.9-2020-q2-update.win32_2.0.0.202105311346/tools/bin/../lib/gcc/arm-none-eabi/9.3.1/../../../../arm-none-eabi/lib/thumb/v7e-m+fp/hard\libc_nano.a(lib_a-memcpy-stub.o)
 .ARM.attributes
                0x000000000000044d       0x34 c:/st/stm32cubeide_1.8.0/stm32cubeide/plugins/com.st.stm32cube.ide.mcu.externaltools.gnu-tools-for-stm32.9-2020-q2-update.win32_2.0.0.202105311346/tools/bin/../lib/gcc/arm-none-eabi/9.3.1/../../../../arm-none-eabi/lib/thumb/v7e-m+fp/hard\libc_nano.a(lib_a-memset.o)
 .ARM.attributes
                0x0000000000000481       0x34 c:/st/stm32cubeide_1.8.0/stm32cubeide/plugins/com.st.stm32cube.ide.mcu.externaltools.gnu-tools-for-stm32.9-2020-q2-update.win32_2.0.0.202105311346/tools/bin/../lib/gcc/arm-none-eabi/9.3.1/../../../../arm-none-eabi/lib/thumb/v7e-m+fp/hard\libc_nano.a(lib_a-sprintf.o)
 .ARM.attributes
                0x00000000000004b5       0x34 c:/st/stm32cubeide_1.8.0/stm32cubeide/plugins/com.st.stm32cube.ide.mcu.externaltools.gnu-tools-for-stm32.9-2020-q2-update.win32_2.0.0.202105311346/tools/bin/../lib/gcc/arm-none-eabi/9.3.1/../../../../arm-none-eabi/lib/thumb/v7e-m+fp/hard\libc_nano.a(lib_a-strcpy.o)
 .ARM.attributes
                0x00000000000004e9       0x17 c:/st/stm32cubeide_1.8.0/stm32cubeide/plugins/com.st.stm32cube.ide.mcu.externaltools.gnu-tools-for-stm32.9-2020-q2-update.win32_2.0.0.202105311346/tools/bin/../lib/gcc/arm-none-eabi/9.3.1/../../../../arm-none-eabi/lib/thumb/v7e-m+fp/hard\libc_nano.a(lib_a-strlen.o)
 .ARM.attributes
                0x0000000000000500       0x34 c:/st/stm32cubeide_1.8.0/stm32cubeide/plugins/com.st.stm32cube.ide.mcu.externaltools.gnu-tools-for-stm32.9-2020-q2-update.win32_2.0.0.202105311346/tools/bin/../lib/gcc/arm-none-eabi/9.3.1/../../../../arm-none-eabi/lib/thumb/v7e-m+fp/hard\libc_nano.a(lib_a-nano-svfprintf.o)
 .ARM.attributes
                0x0000000000000534       0x34 c:/st/stm32cubeide_1.8.0/stm32cubeide/plugins/com.st.stm32cube.ide.mcu.externaltools.gnu-tools-for-stm32.9-2020-q2-update.win32_2.0.0.202105311346/tools/bin/../lib/gcc/arm-none-eabi/9.3.1/../../../../arm-none-eabi/lib/thumb/v7e-m+fp/hard\libc_nano.a(lib_a-nano-vfprintf_i.o)
 .ARM.attributes
                0x0000000000000568       0x1c c:/st/stm32cubeide_1.8.0/stm32cubeide/plugins/com.st.stm32cube.ide.mcu.externaltools.gnu-tools-for-stm32.9-2020-q2-update.win32_2.0.0.202105311346/tools/bin/../lib/gcc/arm-none-eabi/9.3.1/../../../../arm-none-eabi/lib/thumb/v7e-m+fp/hard\libc_nano.a(lib_a-memchr.o)
 .ARM.attributes
                0x0000000000000584       0x34 c:/st/stm32cubeide_1.8.0/stm32cubeide/plugins/com.st.stm32cube.ide.mcu.externaltools.gnu-tools-for-stm32.9-2020-q2-update.win32_2.0.0.202105311346/tools/bin/../lib/gcc/arm-none-eabi/9.3.1/../../../../arm-none-eabi/lib/thumb/v7e-m+fp/hard\libc_nano.a(lib_a-memmove.o)
 .ARM.attributes
                0x00000000000005b8       0x34 c:/st/stm32cubeide_1.8.0/stm32cubeide/plugins/com.st.stm32cube.ide.mcu.externaltools.gnu-tools-for-stm32.9-2020-q2-update.win32_2.0.0.202105311346/tools/bin/../lib/gcc/arm-none-eabi/9.3.1/../../../../arm-none-eabi/lib/thumb/v7e-m+fp/hard\libc_nano.a(lib_a-nano-freer.o)
 .ARM.attributes
                0x00000000000005ec       0x34 c:/st/stm32cubeide_1.8.0/stm32cubeide/plugins/com.st.stm32cube.ide.mcu.externaltools.gnu-tools-for-stm32.9-2020-q2-update.win32_2.0.0.202105311346/tools/bin/../lib/gcc/arm-none-eabi/9.3.1/../../../../arm-none-eabi/lib/thumb/v7e-m+fp/hard\libc_nano.a(lib_a-nano-mallocr.o)
 .ARM.attributes
                0x0000000000000620       0x34 c:/st/stm32cubeide_1.8.0/stm32cubeide/plugins/com.st.stm32cube.ide.mcu.externaltools.gnu-tools-for-stm32.9-2020-q2-update.win32_2.0.0.202105311346/tools/bin/../lib/gcc/arm-none-eabi/9.3.1/../../../../arm-none-eabi/lib/thumb/v7e-m+fp/hard\libc_nano.a(lib_a-nano-reallocr.o)
 .ARM.attributes
                0x0000000000000654       0x34 c:/st/stm32cubeide_1.8.0/stm32cubeide/plugins/com.st.stm32cube.ide.mcu.externaltools.gnu-tools-for-stm32.9-2020-q2-update.win32_2.0.0.202105311346/tools/bin/../lib/gcc/arm-none-eabi/9.3.1/../../../../arm-none-eabi/lib/thumb/v7e-m+fp/hard\libc_nano.a(lib_a-sbrkr.o)
 .ARM.attributes
                0x0000000000000688       0x34 c:/st/stm32cubeide_1.8.0/stm32cubeide/plugins/com.st.stm32cube.ide.mcu.externaltools.gnu-tools-for-stm32.9-2020-q2-update.win32_2.0.0.202105311346/tools/bin/../lib/gcc/arm-none-eabi/9.3.1/../../../../arm-none-eabi/lib/thumb/v7e-m+fp/hard\libc_nano.a(lib_a-mlock.o)
 .ARM.attributes
                0x00000000000006bc       0x34 c:/st/stm32cubeide_1.8.0/stm32cubeide/plugins/com.st.stm32cube.ide.mcu.externaltools.gnu-tools-for-stm32.9-2020-q2-update.win32_2.0.0.202105311346/tools/bin/../lib/gcc/arm-none-eabi/9.3.1/../../../../arm-none-eabi/lib/thumb/v7e-m+fp/hard\libc_nano.a(lib_a-nano-msizer.o)
 .ARM.attributes
                0x00000000000006f0       0x34 c:/st/stm32cubeide_1.8.0/stm32cubeide/plugins/com.st.stm32cube.ide.mcu.externaltools.gnu-tools-for-stm32.9-2020-q2-update.win32_2.0.0.202105311346/tools/bin/../lib/gcc/arm-none-eabi/9.3.1/../../../../arm-none-eabi/lib/thumb/v7e-m+fp/hard\libc_nano.a(lib_a-reent.o)
 .ARM.attributes
                0x0000000000000724       0x34 c:/st/stm32cubeide_1.8.0/stm32cubeide/plugins/com.st.stm32cube.ide.mcu.externaltools.gnu-tools-for-stm32.9-2020-q2-update.win32_2.0.0.202105311346/tools/bin/../lib/gcc/arm-none-eabi/9.3.1/../../../../arm-none-eabi/lib/thumb/v7e-m+fp/hard\libc_nano.a(lib_a-lock.o)
 .ARM.attributes
                0x0000000000000758       0x1e c:/st/stm32cubeide_1.8.0/stm32cubeide/plugins/com.st.stm32cube.ide.mcu.externaltools.gnu-tools-for-stm32.9-2020-q2-update.win32_2.0.0.202105311346/tools/bin/../lib/gcc/arm-none-eabi/9.3.1/thumb/v7e-m+fp/hard\libgcc.a(_aeabi_uldivmod.o)
 .ARM.attributes
                0x0000000000000776       0x34 c:/st/stm32cubeide_1.8.0/stm32cubeide/plugins/com.st.stm32cube.ide.mcu.externaltools.gnu-tools-for-stm32.9-2020-q2-update.win32_2.0.0.202105311346/tools/bin/../lib/gcc/arm-none-eabi/9.3.1/thumb/v7e-m+fp/hard\libgcc.a(_udivmoddi4.o)
 .ARM.attributes
                0x00000000000007aa       0x1e c:/st/stm32cubeide_1.8.0/stm32cubeide/plugins/com.st.stm32cube.ide.mcu.externaltools.gnu-tools-for-stm32.9-2020-q2-update.win32_2.0.0.202105311346/tools/bin/../lib/gcc/arm-none-eabi/9.3.1/thumb/v7e-m+fp/hard\libgcc.a(_dvmd_tls.o)
 .ARM.attributes
                0x00000000000007c8       0x1e c:/st/stm32cubeide_1.8.0/stm32cubeide/plugins/com.st.stm32cube.ide.mcu.externaltools.gnu-tools-for-stm32.9-2020-q2-update.win32_2.0.0.202105311346/tools/bin/../lib/gcc/arm-none-eabi/9.3.1/thumb/v7e-m+fp/hard/crtn.o
OUTPUT(test_capt.elf elf32-littlearm)
LOAD linker stubs
LOAD c:/st/stm32cubeide_1.8.0/stm32cubeide/plugins/com.st.stm32cube.ide.mcu.externaltools.gnu-tools-for-stm32.9-2020-q2-update.win32_2.0.0.202105311346/tools/bin/../lib/gcc/arm-none-eabi/9.3.1/../../../../arm-none-eabi/lib/thumb/v7e-m+fp/hard\libc.a
LOAD c:/st/stm32cubeide_1.8.0/stm32cubeide/plugins/com.st.stm32cube.ide.mcu.externaltools.gnu-tools-for-stm32.9-2020-q2-update.win32_2.0.0.202105311346/tools/bin/../lib/gcc/arm-none-eabi/9.3.1/../../../../arm-none-eabi/lib/thumb/v7e-m+fp/hard\libm.a
LOAD c:/st/stm32cubeide_1.8.0/stm32cubeide/plugins/com.st.stm32cube.ide.mcu.externaltools.gnu-tools-for-stm32.9-2020-q2-update.win32_2.0.0.202105311346/tools/bin/../lib/gcc/arm-none-eabi/9.3.1/thumb/v7e-m+fp/hard\libgcc.a

.debug_info     0x0000000000000000    0x1724a
 .debug_info    0x0000000000000000     0x1f7f ./Core/Src/main.o
 .debug_info    0x0000000000001f7f      0xd69 ./Core/Src/stm32f4xx_hal_msp.o
 .debug_info    0x0000000000002ce8      0x222 ./Core/Src/stm32f4xx_it.o
 .debug_info    0x0000000000002f0a      0xa25 ./Core/Src/sysmem.o
 .debug_info    0x000000000000392f      0x5d0 ./Core/Src/system_stm32f4xx.o
 .debug_info    0x0000000000003eff       0x22 ./Core/Startup/startup_stm32f411retx.o
 .debug_info    0x0000000000003f21     0x3dd4 ./Drivers/BSP/Components/vl53l0x/vl53l0x_api.o
 .debug_info    0x0000000000007cf5     0x25fa ./Drivers/BSP/Components/vl53l0x/vl53l0x_api_calibration.o
 .debug_info    0x000000000000a2ef     0x2b51 ./Drivers/BSP/Components/vl53l0x/vl53l0x_api_core.o
 .debug_info    0x000000000000ce40     0x2236 ./Drivers/BSP/NUCLEO-F411RE/vl53l0x_platform.o
 .debug_info    0x000000000000f076      0x944 ./Drivers/STM32F4xx_HAL_Driver/Src/stm32f4xx_hal.o
 .debug_info    0x000000000000f9ba      0xe47 ./Drivers/STM32F4xx_HAL_Driver/Src/stm32f4xx_hal_cortex.o
 .debug_info    0x0000000000010801      0x862 ./Drivers/STM32F4xx_HAL_Driver/Src/stm32f4xx_hal_gpio.o
 .debug_info    0x0000000000011063     0x2653 ./Drivers/STM32F4xx_HAL_Driver/Src/stm32f4xx_hal_i2c.o
 .debug_info    0x00000000000136b6      0x9be ./Drivers/STM32F4xx_HAL_Driver/Src/stm32f4xx_hal_rcc.o
 .debug_info    0x0000000000014074     0x31d6 ./Drivers/STM32F4xx_HAL_Driver/Src/stm32f4xx_hal_uart.o

.debug_abbrev   0x0000000000000000     0x2459
 .debug_abbrev  0x0000000000000000      0x2f7 ./Core/Src/main.o
 .debug_abbrev  0x00000000000002f7      0x1ac ./Core/Src/stm32f4xx_hal_msp.o
 .debug_abbrev  0x00000000000004a3       0xd2 ./Core/Src/stm32f4xx_it.o
 .debug_abbrev  0x0000000000000575      0x1bf ./Core/Src/sysmem.o
 .debug_abbrev  0x0000000000000734      0x145 ./Core/Src/system_stm32f4xx.o
 .debug_abbrev  0x0000000000000879       0x12 ./Core/Startup/startup_stm32f411retx.o
 .debug_abbrev  0x000000000000088b      0x318 ./Drivers/BSP/Components/vl53l0x/vl53l0x_api.o
 .debug_abbrev  0x0000000000000ba3      0x2f1 ./Drivers/BSP/Components/vl53l0x/vl53l0x_api_calibration.o
 .debug_abbrev  0x0000000000000e94      0x30d ./Drivers/BSP/Components/vl53l0x/vl53l0x_api_core.o
 .debug_abbrev  0x00000000000011a1      0x369 ./Drivers/BSP/NUCLEO-F411RE/vl53l0x_platform.o
 .debug_abbrev  0x000000000000150a      0x21e ./Drivers/STM32F4xx_HAL_Driver/Src/stm32f4xx_hal.o
 .debug_abbrev  0x0000000000001728      0x33c ./Drivers/STM32F4xx_HAL_Driver/Src/stm32f4xx_hal_cortex.o
 .debug_abbrev  0x0000000000001a64      0x1f1 ./Drivers/STM32F4xx_HAL_Driver/Src/stm32f4xx_hal_gpio.o
 .debug_abbrev  0x0000000000001c55      0x293 ./Drivers/STM32F4xx_HAL_Driver/Src/stm32f4xx_hal_i2c.o
 .debug_abbrev  0x0000000000001ee8      0x275 ./Drivers/STM32F4xx_HAL_Driver/Src/stm32f4xx_hal_rcc.o
 .debug_abbrev  0x000000000000215d      0x2fc ./Drivers/STM32F4xx_HAL_Driver/Src/stm32f4xx_hal_uart.o

.debug_aranges  0x0000000000000000      0xe70
 .debug_aranges
                0x0000000000000000       0x48 ./Core/Src/main.o
 .debug_aranges
                0x0000000000000048       0x40 ./Core/Src/stm32f4xx_hal_msp.o
 .debug_aranges
                0x0000000000000088       0x60 ./Core/Src/stm32f4xx_it.o
 .debug_aranges
                0x00000000000000e8       0x20 ./Core/Src/sysmem.o
 .debug_aranges
                0x0000000000000108       0x28 ./Core/Src/system_stm32f4xx.o
 .debug_aranges
                0x0000000000000130       0x28 ./Core/Startup/startup_stm32f411retx.o
 .debug_aranges
                0x0000000000000158      0x330 ./Drivers/BSP/Components/vl53l0x/vl53l0x_api.o
 .debug_aranges
                0x0000000000000488       0xd0 ./Drivers/BSP/Components/vl53l0x/vl53l0x_api_calibration.o
 .debug_aranges
                0x0000000000000558       0xe0 ./Drivers/BSP/Components/vl53l0x/vl53l0x_api_core.o
 .debug_aranges
                0x0000000000000638       0xb0 ./Drivers/BSP/NUCLEO-F411RE/vl53l0x_platform.o
 .debug_aranges
                0x00000000000006e8       0xf0 ./Drivers/STM32F4xx_HAL_Driver/Src/stm32f4xx_hal.o
 .debug_aranges
                0x00000000000007d8      0x118 ./Drivers/STM32F4xx_HAL_Driver/Src/stm32f4xx_hal_cortex.o
 .debug_aranges
                0x00000000000008f0       0x58 ./Drivers/STM32F4xx_HAL_Driver/Src/stm32f4xx_hal_gpio.o
 .debug_aranges
                0x0000000000000948      0x2a0 ./Drivers/STM32F4xx_HAL_Driver/Src/stm32f4xx_hal_i2c.o
 .debug_aranges
                0x0000000000000be8       0x88 ./Drivers/STM32F4xx_HAL_Driver/Src/stm32f4xx_hal_rcc.o
 .debug_aranges
                0x0000000000000c70      0x200 ./Drivers/STM32F4xx_HAL_Driver/Src/stm32f4xx_hal_uart.o

.debug_ranges   0x0000000000000000      0xdd0
 .debug_ranges  0x0000000000000000       0x38 ./Core/Src/main.o
 .debug_ranges  0x0000000000000038       0x30 ./Core/Src/stm32f4xx_hal_msp.o
 .debug_ranges  0x0000000000000068       0x50 ./Core/Src/stm32f4xx_it.o
 .debug_ranges  0x00000000000000b8       0x10 ./Core/Src/sysmem.o
 .debug_ranges  0x00000000000000c8       0x18 ./Core/Src/system_stm32f4xx.o
 .debug_ranges  0x00000000000000e0       0x20 ./Core/Startup/startup_stm32f411retx.o
 .debug_ranges  0x0000000000000100      0x320 ./Drivers/BSP/Components/vl53l0x/vl53l0x_api.o
 .debug_ranges  0x0000000000000420       0xc0 ./Drivers/BSP/Components/vl53l0x/vl53l0x_api_calibration.o
 .debug_ranges  0x00000000000004e0       0xd0 ./Drivers/BSP/Components/vl53l0x/vl53l0x_api_core.o
 .debug_ranges  0x00000000000005b0       0xa0 ./Drivers/BSP/NUCLEO-F411RE/vl53l0x_platform.o
 .debug_ranges  0x0000000000000650       0xe0 ./Drivers/STM32F4xx_HAL_Driver/Src/stm32f4xx_hal.o
 .debug_ranges  0x0000000000000730      0x108 ./Drivers/STM32F4xx_HAL_Driver/Src/stm32f4xx_hal_cortex.o
 .debug_ranges  0x0000000000000838       0x48 ./Drivers/STM32F4xx_HAL_Driver/Src/stm32f4xx_hal_gpio.o
 .debug_ranges  0x0000000000000880      0x2b8 ./Drivers/STM32F4xx_HAL_Driver/Src/stm32f4xx_hal_i2c.o
 .debug_ranges  0x0000000000000b38       0x78 ./Drivers/STM32F4xx_HAL_Driver/Src/stm32f4xx_hal_rcc.o
 .debug_ranges  0x0000000000000bb0      0x220 ./Drivers/STM32F4xx_HAL_Driver/Src/stm32f4xx_hal_uart.o

.debug_macro    0x0000000000000000    0x17950
 .debug_macro   0x0000000000000000      0x433 ./Core/Src/main.o
 .debug_macro   0x0000000000000433      0xaa8 ./Core/Src/main.o
 .debug_macro   0x0000000000000edb      0x29b ./Core/Src/main.o
 .debug_macro   0x0000000000001176       0x2e ./Core/Src/main.o
 .debug_macro   0x00000000000011a4       0x28 ./Core/Src/main.o
 .debug_macro   0x00000000000011cc       0x22 ./Core/Src/main.o
 .debug_macro   0x00000000000011ee       0x8e ./Core/Src/main.o
 .debug_macro   0x000000000000127c       0x51 ./Core/Src/main.o
 .debug_macro   0x00000000000012cd      0x103 ./Core/Src/main.o
 .debug_macro   0x00000000000013d0       0x6a ./Core/Src/main.o
 .debug_macro   0x000000000000143a      0x1df ./Core/Src/main.o
 .debug_macro   0x0000000000001619       0x1c ./Core/Src/main.o
 .debug_macro   0x0000000000001635       0x22 ./Core/Src/main.o
 .debug_macro   0x0000000000001657       0xdf ./Core/Src/main.o
 .debug_macro   0x0000000000001736     0x102d ./Core/Src/main.o
 .debug_macro   0x0000000000002763      0x11f ./Core/Src/main.o
 .debug_macro   0x0000000000002882     0xb953 ./Core/Src/main.o
 .debug_macro   0x000000000000e1d5       0x6d ./Core/Src/main.o
 .debug_macro   0x000000000000e242     0x3666 ./Core/Src/main.o
 .debug_macro   0x00000000000118a8      0x174 ./Core/Src/main.o
 .debug_macro   0x0000000000011a1c       0x5c ./Core/Src/main.o
 .debug_macro   0x0000000000011a78      0x447 ./Core/Src/main.o
 .debug_macro   0x0000000000011ebf      0x9fe ./Core/Src/main.o
 .debug_macro   0x00000000000128bd      0x116 ./Core/Src/main.o
 .debug_macro   0x00000000000129d3      0x11b ./Core/Src/main.o
 .debug_macro   0x0000000000012aee       0xa5 ./Core/Src/main.o
 .debug_macro   0x0000000000012b93      0x15f ./Core/Src/main.o
 .debug_macro   0x0000000000012cf2      0x287 ./Core/Src/main.o
 .debug_macro   0x0000000000012f79       0x5f ./Core/Src/main.o
 .debug_macro   0x0000000000012fd8      0x236 ./Core/Src/main.o
 .debug_macro   0x000000000001320e      0x132 ./Core/Src/main.o
 .debug_macro   0x0000000000013340      0x264 ./Core/Src/main.o
 .debug_macro   0x00000000000135a4       0x2e ./Core/Src/main.o
 .debug_macro   0x00000000000135d2      0x1b5 ./Core/Src/main.o
 .debug_macro   0x0000000000013787       0x22 ./Core/Src/main.o
 .debug_macro   0x00000000000137a9       0xd6 ./Core/Src/main.o
 .debug_macro   0x000000000001387f      0x11a ./Core/Src/main.o
 .debug_macro   0x0000000000013999       0x85 ./Core/Src/main.o
 .debug_macro   0x0000000000013a1e       0x89 ./Core/Src/main.o
 .debug_macro   0x0000000000013aa7      0x295 ./Core/Src/main.o
 .debug_macro   0x0000000000013d3c      0x126 ./Core/Src/main.o
 .debug_macro   0x0000000000013e62       0x64 ./Core/Src/main.o
 .debug_macro   0x0000000000013ec6       0x18 ./Core/Src/main.o
 .debug_macro   0x0000000000013ede       0x52 ./Core/Src/main.o
 .debug_macro   0x0000000000013f30       0x3c ./Core/Src/main.o
 .debug_macro   0x0000000000013f6c       0x34 ./Core/Src/main.o
 .debug_macro   0x0000000000013fa0       0x16 ./Core/Src/main.o
 .debug_macro   0x0000000000013fb6       0x35 ./Core/Src/main.o
 .debug_macro   0x0000000000013feb       0x16 ./Core/Src/main.o
 .debug_macro   0x0000000000014001       0x43 ./Core/Src/main.o
 .debug_macro   0x0000000000014044       0x34 ./Core/Src/main.o
 .debug_macro   0x0000000000014078       0x10 ./Core/Src/main.o
 .debug_macro   0x0000000000014088       0x58 ./Core/Src/main.o
 .debug_macro   0x00000000000140e0       0x71 ./Core/Src/main.o
 .debug_macro   0x0000000000014151       0x1c ./Core/Src/main.o
 .debug_macro   0x000000000001416d      0x12a ./Core/Src/main.o
 .debug_macro   0x0000000000014297      0x333 ./Core/Src/main.o
 .debug_macro   0x00000000000145ca       0x16 ./Core/Src/main.o
 .debug_macro   0x00000000000145e0       0x29 ./Core/Src/main.o
 .debug_macro   0x0000000000014609       0x1c ./Core/Src/main.o
 .debug_macro   0x0000000000014625       0x10 ./Core/Src/main.o
 .debug_macro   0x0000000000014635       0x10 ./Core/Src/main.o
 .debug_macro   0x0000000000014645       0x1c ./Core/Src/main.o
 .debug_macro   0x0000000000014661       0x52 ./Core/Src/main.o
 .debug_macro   0x00000000000146b3       0x22 ./Core/Src/main.o
 .debug_macro   0x00000000000146d5       0x10 ./Core/Src/main.o
 .debug_macro   0x00000000000146e5       0x40 ./Core/Src/main.o
 .debug_macro   0x0000000000014725       0xd5 ./Core/Src/main.o
 .debug_macro   0x00000000000147fa       0x1c ./Core/Src/main.o
 .debug_macro   0x0000000000014816       0x3d ./Core/Src/main.o
 .debug_macro   0x0000000000014853       0x16 ./Core/Src/main.o
 .debug_macro   0x0000000000014869      0x145 ./Core/Src/main.o
 .debug_macro   0x00000000000149ae       0x16 ./Core/Src/main.o
 .debug_macro   0x00000000000149c4       0x20 ./Core/Src/main.o
 .debug_macro   0x00000000000149e4       0x5e ./Core/Src/main.o
 .debug_macro   0x0000000000014a42       0x16 ./Core/Src/main.o
 .debug_macro   0x0000000000014a58       0x4c ./Core/Src/main.o
 .debug_macro   0x0000000000014aa4       0x16 ./Core/Src/main.o
 .debug_macro   0x0000000000014aba       0x76 ./Core/Src/main.o
 .debug_macro   0x0000000000014b30      0x29c ./Core/Src/main.o
 .debug_macro   0x0000000000014dcc      0x203 ./Core/Src/main.o
 .debug_macro   0x0000000000014fcf       0x3a ./Core/Src/main.o
 .debug_macro   0x0000000000015009       0x41 ./Core/Src/main.o
 .debug_macro   0x000000000001504a      0x1d2 ./Core/Src/main.o
 .debug_macro   0x000000000001521c      0x1e2 ./Core/Src/stm32f4xx_hal_msp.o
 .debug_macro   0x00000000000153fe      0x1ec ./Core/Src/stm32f4xx_it.o
 .debug_macro   0x00000000000155ea       0xff ./Core/Src/sysmem.o
 .debug_macro   0x00000000000156e9      0x23b ./Core/Src/sysmem.o
 .debug_macro   0x0000000000015924      0x1d3 ./Core/Src/system_stm32f4xx.o
 .debug_macro   0x0000000000015af7      0x466 ./Drivers/BSP/Components/vl53l0x/vl53l0x_api.o
 .debug_macro   0x0000000000015f5d       0x16 ./Drivers/BSP/Components/vl53l0x/vl53l0x_api.o
 .debug_macro   0x0000000000015f73       0x34 ./Drivers/BSP/Components/vl53l0x/vl53l0x_api.o
 .debug_macro   0x0000000000015fa7       0xd9 ./Drivers/BSP/Components/vl53l0x/vl53l0x_api.o
 .debug_macro   0x0000000000016080       0x56 ./Drivers/BSP/Components/vl53l0x/vl53l0x_api.o
 .debug_macro   0x00000000000160d6      0x45e ./Drivers/BSP/Components/vl53l0x/vl53l0x_api_calibration.o
 .debug_macro   0x0000000000016534      0x44c ./Drivers/BSP/Components/vl53l0x/vl53l0x_api_core.o
 .debug_macro   0x0000000000016980      0x40c ./Drivers/BSP/NUCLEO-F411RE/vl53l0x_platform.o
 .debug_macro   0x0000000000016d8c      0x233 ./Drivers/STM32F4xx_HAL_Driver/Src/stm32f4xx_hal.o
 .debug_macro   0x0000000000016fbf      0x1d3 ./Drivers/STM32F4xx_HAL_Driver/Src/stm32f4xx_hal_cortex.o
 .debug_macro   0x0000000000017192      0x1d9 ./Drivers/STM32F4xx_HAL_Driver/Src/stm32f4xx_hal_gpio.o
 .debug_macro   0x000000000001736b      0x21a ./Drivers/STM32F4xx_HAL_Driver/Src/stm32f4xx_hal_i2c.o
 .debug_macro   0x0000000000017585      0x1f7 ./Drivers/STM32F4xx_HAL_Driver/Src/stm32f4xx_hal_rcc.o
 .debug_macro   0x000000000001777c      0x1d4 ./Drivers/STM32F4xx_HAL_Driver/Src/stm32f4xx_hal_uart.o

.debug_line     0x0000000000000000    0x11714
 .debug_line    0x0000000000000000      0xbc2 ./Core/Src/main.o
 .debug_line    0x0000000000000bc2      0x762 ./Core/Src/stm32f4xx_hal_msp.o
 .debug_line    0x0000000000001324      0x789 ./Core/Src/stm32f4xx_it.o
 .debug_line    0x0000000000001aad      0x4f8 ./Core/Src/sysmem.o
 .debug_line    0x0000000000001fa5      0x748 ./Core/Src/system_stm32f4xx.o
 .debug_line    0x00000000000026ed       0x88 ./Core/Startup/startup_stm32f411retx.o
 .debug_line    0x0000000000002775     0x201c ./Drivers/BSP/Components/vl53l0x/vl53l0x_api.o
 .debug_line    0x0000000000004791     0x1411 ./Drivers/BSP/Components/vl53l0x/vl53l0x_api_calibration.o
 .debug_line    0x0000000000005ba2     0x1b08 ./Drivers/BSP/Components/vl53l0x/vl53l0x_api_core.o
 .debug_line    0x00000000000076aa      0xebe ./Drivers/BSP/NUCLEO-F411RE/vl53l0x_platform.o
 .debug_line    0x0000000000008568      0x9ae ./Drivers/STM32F4xx_HAL_Driver/Src/stm32f4xx_hal.o
 .debug_line    0x0000000000008f16      0xc5d ./Drivers/STM32F4xx_HAL_Driver/Src/stm32f4xx_hal_cortex.o
 .debug_line    0x0000000000009b73      0xae8 ./Drivers/STM32F4xx_HAL_Driver/Src/stm32f4xx_hal_gpio.o
 .debug_line    0x000000000000a65b     0x395a ./Drivers/STM32F4xx_HAL_Driver/Src/stm32f4xx_hal_i2c.o
 .debug_line    0x000000000000dfb5      0xd2a ./Drivers/STM32F4xx_HAL_Driver/Src/stm32f4xx_hal_rcc.o
 .debug_line    0x000000000000ecdf     0x2a35 ./Drivers/STM32F4xx_HAL_Driver/Src/stm32f4xx_hal_uart.o

.debug_str      0x0000000000000000    0x8f481
 .debug_str     0x0000000000000000    0x89e65 ./Core/Src/main.o
                                      0x8a3ca (size before relaxing)
 .debug_str     0x0000000000089e65       0x78 ./Core/Src/stm32f4xx_hal_msp.o
                                      0x81d8e (size before relaxing)
 .debug_str     0x0000000000089edd       0xbd ./Core/Src/stm32f4xx_it.o
                                      0x815a6 (size before relaxing)
 .debug_str     0x0000000000089f9a      0x4e9 ./Core/Src/sysmem.o
                                       0x62aa (size before relaxing)
 .debug_str     0x000000000008a483       0xaf ./Core/Src/system_stm32f4xx.o
                                      0x81541 (size before relaxing)
 .debug_str     0x000000000008a532       0x36 ./Core/Startup/startup_stm32f411retx.o
                                         0x7b (size before relaxing)
 .debug_str     0x000000000008a568     0x1645 ./Drivers/BSP/Components/vl53l0x/vl53l0x_api.o
                                      0x8b536 (size before relaxing)
 .debug_str     0x000000000008bbad      0x7b3 ./Drivers/BSP/Components/vl53l0x/vl53l0x_api_calibration.o
                                      0x8a782 (size before relaxing)
 .debug_str     0x000000000008c360      0xd62 ./Drivers/BSP/Components/vl53l0x/vl53l0x_api_core.o
                                      0x8ae04 (size before relaxing)
 .debug_str     0x000000000008d0c2      0x2b8 ./Drivers/BSP/NUCLEO-F411RE/vl53l0x_platform.o
                                      0x8a179 (size before relaxing)
 .debug_str     0x000000000008d37a      0x919 ./Drivers/STM32F4xx_HAL_Driver/Src/stm32f4xx_hal.o
                                      0x81ecb (size before relaxing)
 .debug_str     0x000000000008dc93      0x399 ./Drivers/STM32F4xx_HAL_Driver/Src/stm32f4xx_hal_cortex.o
                                      0x81ca8 (size before relaxing)
 .debug_str     0x000000000008e02c      0x15f ./Drivers/STM32F4xx_HAL_Driver/Src/stm32f4xx_hal_gpio.o
                                      0x816e8 (size before relaxing)
 .debug_str     0x000000000008e18b      0xab8 ./Drivers/STM32F4xx_HAL_Driver/Src/stm32f4xx_hal_i2c.o
                                      0x824b6 (size before relaxing)
 .debug_str     0x000000000008ec43      0x243 ./Drivers/STM32F4xx_HAL_Driver/Src/stm32f4xx_hal_rcc.o
                                      0x81943 (size before relaxing)
 .debug_str     0x000000000008ee86      0x5fb ./Drivers/STM32F4xx_HAL_Driver/Src/stm32f4xx_hal_uart.o
                                      0x81eb7 (size before relaxing)

.comment        0x0000000000000000       0x53
 .comment       0x0000000000000000       0x53 ./Core/Src/main.o
                                         0x54 (size before relaxing)
 .comment       0x0000000000000053       0x54 ./Core/Src/stm32f4xx_hal_msp.o
 .comment       0x0000000000000053       0x54 ./Core/Src/stm32f4xx_it.o
 .comment       0x0000000000000053       0x54 ./Core/Src/sysmem.o
 .comment       0x0000000000000053       0x54 ./Core/Src/system_stm32f4xx.o
 .comment       0x0000000000000053       0x54 ./Drivers/BSP/Components/vl53l0x/vl53l0x_api.o
 .comment       0x0000000000000053       0x54 ./Drivers/BSP/Components/vl53l0x/vl53l0x_api_calibration.o
 .comment       0x0000000000000053       0x54 ./Drivers/BSP/Components/vl53l0x/vl53l0x_api_core.o
 .comment       0x0000000000000053       0x54 ./Drivers/BSP/NUCLEO-F411RE/vl53l0x_platform.o
 .comment       0x0000000000000053       0x54 ./Drivers/STM32F4xx_HAL_Driver/Src/stm32f4xx_hal.o
 .comment       0x0000000000000053       0x54 ./Drivers/STM32F4xx_HAL_Driver/Src/stm32f4xx_hal_cortex.o
 .comment       0x0000000000000053       0x54 ./Drivers/STM32F4xx_HAL_Driver/Src/stm32f4xx_hal_gpio.o
 .comment       0x0000000000000053       0x54 ./Drivers/STM32F4xx_HAL_Driver/Src/stm32f4xx_hal_i2c.o
 .comment       0x0000000000000053       0x54 ./Drivers/STM32F4xx_HAL_Driver/Src/stm32f4xx_hal_rcc.o
 .comment       0x0000000000000053       0x54 ./Drivers/STM32F4xx_HAL_Driver/Src/stm32f4xx_hal_uart.o

.debug_frame    0x0000000000000000     0x413c
 .debug_frame   0x0000000000000000       0xc8 ./Core/Src/main.o
 .debug_frame   0x00000000000000c8       0xc4 ./Core/Src/stm32f4xx_hal_msp.o
 .debug_frame   0x000000000000018c      0x104 ./Core/Src/stm32f4xx_it.o
 .debug_frame   0x0000000000000290       0x34 ./Core/Src/sysmem.o
 .debug_frame   0x00000000000002c4       0x58 ./Core/Src/system_stm32f4xx.o
 .debug_frame   0x000000000000031c      0xe94 ./Drivers/BSP/Components/vl53l0x/vl53l0x_api.o
 .debug_frame   0x00000000000011b0      0x374 ./Drivers/BSP/Components/vl53l0x/vl53l0x_api_calibration.o
 .debug_frame   0x0000000000001524      0x3c4 ./Drivers/BSP/Components/vl53l0x/vl53l0x_api_core.o
 .debug_frame   0x00000000000018e8      0x2c0 ./Drivers/BSP/NUCLEO-F411RE/vl53l0x_platform.o
 .debug_frame   0x0000000000001ba8      0x374 ./Drivers/STM32F4xx_HAL_Driver/Src/stm32f4xx_hal.o
 .debug_frame   0x0000000000001f1c      0x498 ./Drivers/STM32F4xx_HAL_Driver/Src/stm32f4xx_hal_cortex.o
 .debug_frame   0x00000000000023b4      0x14c ./Drivers/STM32F4xx_HAL_Driver/Src/stm32f4xx_hal_gpio.o
 .debug_frame   0x0000000000002500      0xc5c ./Drivers/STM32F4xx_HAL_Driver/Src/stm32f4xx_hal_i2c.o
 .debug_frame   0x000000000000315c      0x1f0 ./Drivers/STM32F4xx_HAL_Driver/Src/stm32f4xx_hal_rcc.o
 .debug_frame   0x000000000000334c      0x92c ./Drivers/STM32F4xx_HAL_Driver/Src/stm32f4xx_hal_uart.o